17:00:41 **** Auto Build of configuration Debug for project dpu_ps ****
make pre-build main-build 
a9-linaro-pre-build-step
' '
'Building file: ../src/helloworld.c'
'Invoking: ARM v7 gcc compiler'
arm-none-eabi-gcc -Wall -O0 -g3 -c -fmessage-length=0 -MT"src/helloworld.o" -mcpu=cortex-a9 -mfpu=vfpv3 -mfloat-abi=hard -I../../dpu_ps_bsp/ps7_cortexa9_0/include -MMD -MP -MF"src/helloworld.d" -MT"src/helloworld.o" -o "src/helloworld.o" "../src/helloworld.c"
'Finished building: ../src/helloworld.c'
' '
'Building target: dpu_ps.elf'
'Invoking: ARM v7 gcc linker'
arm-none-eabi-gcc -mcpu=cortex-a9 -mfpu=vfpv3 -mfloat-abi=hard -Wl,-build-id=none -specs=Xilinx.spec -Wl,-T -Wl,../src/lscript.ld -L../../dpu_ps_bsp/ps7_cortexa9_0/lib -o "dpu_ps.elf"  ./src/helloworld.o ./src/platform.o   -Wl,--start-group,-lxil,-lgcc,-lc,--end-group
'Finished building target: dpu_ps.elf'
' '
'Invoking: ARM v7 Print Size'
arm-none-eabi-size dpu_ps.elf  |tee "dpu_ps.elf.size"
   text	   data	    bss	    dec	    hex	filename
  26188	   1172	  55368	  82728	  14328	dpu_ps.elf
'Finished building: dpu_ps.elf.size'
' '

17:00:42 Build Finished (took 841ms)

