16:09:27 INFO  : Registering command handlers for SDK TCF services
16:09:27 INFO  : Launching XSCT server: xsct.bat -interactive D:\TH\2026au\FPGA\DPU_new\DPU_new.sdk\temp_xsdb_launch_script.tcl
16:09:30 INFO  : XSCT server has started successfully.
16:09:30 INFO  : Successfully done setting XSCT server connection channel  
16:09:32 INFO  : Successfully done setting SDK workspace  
16:09:32 INFO  : Processing command line option -hwspec D:/TH/2026au/FPGA/DPU_new/DPU_new.sdk/ps_dpu_wrapper.hdf.
16:37:45 INFO  : Launching XSCT server: xsct.bat -interactive D:\TH\2026au\FPGA\DPU_new\DPU_new.sdk\temp_xsdb_launch_script.tcl
16:37:46 INFO  : XSCT server has started successfully.
16:37:46 INFO  : Successfully done setting XSCT server connection channel  
16:37:46 INFO  : Successfully done setting SDK workspace  
16:37:48 INFO  : Registering command handlers for SDK TCF services
16:37:48 INFO  : Processing command line option -hwspec D:/TH/2026au/FPGA/DPU_new/DPU_new.sdk/ps_dpu_wrapper.hdf.
16:37:48 INFO  : Checking for hwspec changes in the project ps_dpu_wrapper_hw_platform_0.
17:09:05 INFO  : Registering command handlers for SDK TCF services
17:09:06 INFO  : Launching XSCT server: xsct.bat -interactive D:\TH\2026au\FPGA\DPU_new\DPU_new.sdk\temp_xsdb_launch_script.tcl
17:09:09 INFO  : XSCT server has started successfully.
17:09:11 INFO  : Successfully done setting XSCT server connection channel  
17:09:11 INFO  : Successfully done setting SDK workspace  
17:09:11 INFO  : Processing command line option -hwspec D:/TH/2026au/FPGA/DPU_new/DPU_new.sdk/ps_dpu_wrapper.hdf.
17:09:11 INFO  : Checking for hwspec changes in the project ps_dpu_wrapper_hw_platform_0.
17:09:14 INFO  : SDK has detected change in the last modified timestamps for source hardware specification file Source:1768986294867,  Project:1768896129582
17:09:14 INFO  : The hardware specification for project 'ps_dpu_wrapper_hw_platform_0' is different from D:/TH/2026au/FPGA/DPU_new/DPU_new.sdk/ps_dpu_wrapper.hdf.
17:09:14 INFO  : Copied contents of D:/TH/2026au/FPGA/DPU_new/DPU_new.sdk/ps_dpu_wrapper.hdf into \ps_dpu_wrapper_hw_platform_0\system.hdf.
17:09:15 INFO  : Synchronizing projects in the workspace with the hardware platform specification changes.
17:09:18 INFO  : 
17:09:19 INFO  : Updating hardware inferred compiler options for dpu_ps.
17:09:19 INFO  : Clearing existing target manager status.
17:09:19 WARN  : Given IPC port value is invalid. Using default port 2350
17:09:19 WARN  : Given XMD timeout value is invalid. Using default value of 50000
17:09:20 WARN  : Given XMD transaction timeout value is invalid. Using default value of 60000 milli seconds
17:16:15 INFO  : Connected to target on host '127.0.0.1' and port '3121'.
17:16:33 INFO  : ----------------XSDB Script----------------
connect -url tcp:127.0.0.1:3121
----------------End of Script----------------

17:16:59 ERROR : Unexpected error while parsing XMD response ?: com.google.gson.JsonSyntaxException: com.google.gson.stream.MalformedJsonException: invalid number or unquoted string near 
17:17:07 INFO  : Launching XSCT server: xsct.bat -interactive D:\TH\2026au\FPGA\DPU_new\DPU_new.sdk\temp_xsdb_launch_script.tcl
17:17:08 INFO  : XSCT server has started successfully.
17:17:09 INFO  : Successfully done setting XSCT server connection channel  
17:17:09 INFO  : Successfully done setting SDK workspace  
17:17:10 INFO  : Registering command handlers for SDK TCF services
17:17:10 INFO  : Processing command line option -hwspec D:/TH/2026au/FPGA/DPU_new/DPU_new.sdk/ps_dpu_wrapper.hdf.
17:17:11 INFO  : Checking for hwspec changes in the project ps_dpu_wrapper_hw_platform_0.
19:37:28 INFO  : Connected to target on host '127.0.0.1' and port '3121'.
19:37:28 INFO  : Jtag cable 'Digilent JTAG-HS1 210512180081' is selected.
19:37:28 INFO  : 'jtag frequency' command is executed.
19:37:28 INFO  : Sourcing of 'D:/TH/2026au/FPGA/DPU_new/DPU_new.sdk/ps_dpu_wrapper_hw_platform_0/ps7_init.tcl' is done.
19:37:28 INFO  : Context for 'APU' is selected.
19:37:29 INFO  : System reset is completed.
19:37:32 INFO  : 'after 3000' command is executed.
19:37:32 INFO  : 'targets -set -filter {jtag_cable_name =~ "Digilent JTAG-HS1 210512180081" && level==0} -index 1' command is executed.
19:37:43 INFO  : FPGA configured successfully with bitstream "D:/TH/2026au/FPGA/DPU_new/DPU_new.sdk/ps_dpu_wrapper_hw_platform_0/ps_dpu_wrapper.bit"
19:37:43 INFO  : Context for 'APU' is selected.
19:37:43 INFO  : Hardware design information is loaded from 'D:/TH/2026au/FPGA/DPU_new/DPU_new.sdk/ps_dpu_wrapper_hw_platform_0/system.hdf'.
19:37:43 INFO  : 'configparams force-mem-access 1' command is executed.
19:37:43 INFO  : Context for 'APU' is selected.
19:37:44 INFO  : 'ps7_init' command is executed.
19:37:44 INFO  : 'ps7_post_config' command is executed.
19:37:44 INFO  : Context for processor 'ps7_cortexa9_0' is selected.
19:37:44 INFO  : The application 'D:/TH/2026au/FPGA/DPU_new/DPU_new.sdk/ps_dpu/Debug/ps_dpu.elf' is downloaded to processor 'ps7_cortexa9_0'.
19:37:44 INFO  : 'configparams force-mem-access 0' command is executed.
19:37:44 INFO  : ----------------XSDB Script----------------
connect -url tcp:127.0.0.1:3121
source D:/TH/2026au/FPGA/DPU_new/DPU_new.sdk/ps_dpu_wrapper_hw_platform_0/ps7_init.tcl
targets -set -nocase -filter {name =~"APU*" && jtag_cable_name =~ "Digilent JTAG-HS1 210512180081"} -index 0
rst -system
after 3000
targets -set -filter {jtag_cable_name =~ "Digilent JTAG-HS1 210512180081" && level==0} -index 1
fpga -file D:/TH/2026au/FPGA/DPU_new/DPU_new.sdk/ps_dpu_wrapper_hw_platform_0/ps_dpu_wrapper.bit
targets -set -nocase -filter {name =~"APU*" && jtag_cable_name =~ "Digilent JTAG-HS1 210512180081"} -index 0
loadhw -hw D:/TH/2026au/FPGA/DPU_new/DPU_new.sdk/ps_dpu_wrapper_hw_platform_0/system.hdf -mem-ranges [list {0x40000000 0xbfffffff}]
configparams force-mem-access 1
targets -set -nocase -filter {name =~"APU*" && jtag_cable_name =~ "Digilent JTAG-HS1 210512180081"} -index 0
ps7_init
ps7_post_config
targets -set -nocase -filter {name =~ "ARM*#0" && jtag_cable_name =~ "Digilent JTAG-HS1 210512180081"} -index 0
dow D:/TH/2026au/FPGA/DPU_new/DPU_new.sdk/ps_dpu/Debug/ps_dpu.elf
configparams force-mem-access 0
----------------End of Script----------------

19:37:44 INFO  : Memory regions updated for context APU
19:37:44 INFO  : Context for processor 'ps7_cortexa9_0' is selected.
19:37:44 INFO  : 'con' command is executed.
19:37:44 INFO  : ----------------XSDB Script (After Launch)----------------
targets -set -nocase -filter {name =~ "ARM*#0" && jtag_cable_name =~ "Digilent JTAG-HS1 210512180081"} -index 0
con
----------------End of Script----------------

19:37:44 INFO  : Launch script is exported to file 'D:\TH\2026au\FPGA\DPU_new\DPU_new.sdk\.sdk\launch_scripts\performance_analysis\performance_analysis_using_debug_ps_dpu.elf_on_local.tcl'
19:37:44 INFO  : Apm configuration has been updated and stored to 'D:\TH\2026au\FPGA\DPU_new\DPU_new.sdk\ps_dpu_wrapper_hw_platform_0\apmconfigs\apm_default.json' for the project 'ps_dpu_wrapper_hw_platform_0'
19:37:44 INFO  : Performance data for 'PS' will be exported to the file 'D:\TH\2026au\FPGA\DPU_new\DPU_new.sdk\ps_dpu_wrapper_hw_platform_0_Traces\Traces\Run_一月-21_19-37\PS_Trace_一月-21_19-37\trace'
19:37:44 INFO  : Created tracing project 'ps_dpu_wrapper_hw_platform_0_Traces'
19:37:44 INFO  : Added tracing folder 'D:\TH\2026au\FPGA\DPU_new\DPU_new.sdk\ps_dpu_wrapper_hw_platform_0_Traces\Traces\Run_一月-21_19-37\PS_Trace_一月-21_19-37' into  'ps_dpu_wrapper_hw_platform_0_Traces'
19:37:45 INFO  : Attempting to open tracing file 'PS_Trace_一月-21_19-37'
19:44:04 INFO  : Disconnected from the channel tcfchan#1.
19:44:04 INFO  : Performance data for 'PS' has been exported to the file 'D:\TH\2026au\FPGA\DPU_new\DPU_new.sdk\ps_dpu_wrapper_hw_platform_0_Traces\Traces\Run_一月-21_19-37\PS_Trace_一月-21_19-37\trace'
19:44:05 INFO  : Connected to target on host '127.0.0.1' and port '3121'.
19:44:06 INFO  : Jtag cable 'Digilent JTAG-HS1 210512180081' is selected.
19:44:06 INFO  : 'jtag frequency' command is executed.
19:44:06 INFO  : Sourcing of 'D:/TH/2026au/FPGA/DPU_new/DPU_new.sdk/ps_dpu_wrapper_hw_platform_0/ps7_init.tcl' is done.
19:44:06 INFO  : Context for 'APU' is selected.
19:44:06 INFO  : System reset is completed.
19:44:09 INFO  : 'after 3000' command is executed.
19:44:09 INFO  : 'targets -set -filter {jtag_cable_name =~ "Digilent JTAG-HS1 210512180081" && level==0} -index 1' command is executed.
19:44:20 INFO  : FPGA configured successfully with bitstream "D:/TH/2026au/FPGA/DPU_new/DPU_new.sdk/ps_dpu_wrapper_hw_platform_0/ps_dpu_wrapper.bit"
19:44:20 INFO  : Context for 'APU' is selected.
19:44:21 INFO  : Hardware design information is loaded from 'D:/TH/2026au/FPGA/DPU_new/DPU_new.sdk/ps_dpu_wrapper_hw_platform_0/system.hdf'.
19:44:21 INFO  : 'configparams force-mem-access 1' command is executed.
19:44:21 INFO  : Context for 'APU' is selected.
19:44:21 INFO  : 'ps7_init' command is executed.
19:44:21 INFO  : 'ps7_post_config' command is executed.
19:44:21 INFO  : Context for processor 'ps7_cortexa9_0' is selected.
19:44:21 INFO  : The application 'D:/TH/2026au/FPGA/DPU_new/DPU_new.sdk/ps_dpu/Debug/ps_dpu.elf' is downloaded to processor 'ps7_cortexa9_0'.
19:44:21 INFO  : 'configparams force-mem-access 0' command is executed.
19:44:21 INFO  : ----------------XSDB Script----------------
connect -url tcp:127.0.0.1:3121
source D:/TH/2026au/FPGA/DPU_new/DPU_new.sdk/ps_dpu_wrapper_hw_platform_0/ps7_init.tcl
targets -set -nocase -filter {name =~"APU*" && jtag_cable_name =~ "Digilent JTAG-HS1 210512180081"} -index 0
rst -system
after 3000
targets -set -filter {jtag_cable_name =~ "Digilent JTAG-HS1 210512180081" && level==0} -index 1
fpga -file D:/TH/2026au/FPGA/DPU_new/DPU_new.sdk/ps_dpu_wrapper_hw_platform_0/ps_dpu_wrapper.bit
targets -set -nocase -filter {name =~"APU*" && jtag_cable_name =~ "Digilent JTAG-HS1 210512180081"} -index 0
loadhw -hw D:/TH/2026au/FPGA/DPU_new/DPU_new.sdk/ps_dpu_wrapper_hw_platform_0/system.hdf -mem-ranges [list {0x40000000 0xbfffffff}]
configparams force-mem-access 1
targets -set -nocase -filter {name =~"APU*" && jtag_cable_name =~ "Digilent JTAG-HS1 210512180081"} -index 0
ps7_init
ps7_post_config
targets -set -nocase -filter {name =~ "ARM*#0" && jtag_cable_name =~ "Digilent JTAG-HS1 210512180081"} -index 0
dow D:/TH/2026au/FPGA/DPU_new/DPU_new.sdk/ps_dpu/Debug/ps_dpu.elf
configparams force-mem-access 0
----------------End of Script----------------

19:44:21 INFO  : Memory regions updated for context APU
19:44:21 INFO  : Context for processor 'ps7_cortexa9_0' is selected.
19:44:21 INFO  : 'con' command is executed.
19:44:21 INFO  : ----------------XSDB Script (After Launch)----------------
targets -set -nocase -filter {name =~ "ARM*#0" && jtag_cable_name =~ "Digilent JTAG-HS1 210512180081"} -index 0
con
----------------End of Script----------------

19:44:21 INFO  : Launch script is exported to file 'D:\TH\2026au\FPGA\DPU_new\DPU_new.sdk\.sdk\launch_scripts\performance_analysis\performance_analysis_using_debug_ps_dpu.elf_on_local.tcl'
19:44:26 INFO  : Closing '1' event editor(s) opened on performance analysis data from previous run(s).
19:44:26 INFO  : Performance data for 'PS' will be exported to the file 'D:\TH\2026au\FPGA\DPU_new\DPU_new.sdk\ps_dpu_wrapper_hw_platform_0_Traces\Traces\Run_一月-21_19-44\PS_Trace_一月-21_19-44\trace'
19:44:26 INFO  : Added tracing folder 'D:\TH\2026au\FPGA\DPU_new\DPU_new.sdk\ps_dpu_wrapper_hw_platform_0_Traces\Traces\Run_一月-21_19-44\PS_Trace_一月-21_19-44' into  'ps_dpu_wrapper_hw_platform_0_Traces'
19:44:26 INFO  : Attempting to open tracing file 'PS_Trace_一月-21_19-44'
19:46:09 INFO  : Performance data for 'PS' has been exported to the file 'D:\TH\2026au\FPGA\DPU_new\DPU_new.sdk\ps_dpu_wrapper_hw_platform_0_Traces\Traces\Run_一月-21_19-44\PS_Trace_一月-21_19-44\trace'
19:46:09 INFO  : Disconnected from the channel tcfchan#2.
19:46:10 INFO  : Connected to target on host '127.0.0.1' and port '3121'.
19:46:10 INFO  : Jtag cable 'Digilent JTAG-HS1 210512180081' is selected.
19:46:10 INFO  : 'jtag frequency' command is executed.
19:46:10 INFO  : Sourcing of 'D:/TH/2026au/FPGA/DPU_new/DPU_new.sdk/ps_dpu_wrapper_hw_platform_0/ps7_init.tcl' is done.
19:46:10 INFO  : Context for 'APU' is selected.
19:46:10 INFO  : System reset is completed.
19:46:13 INFO  : 'after 3000' command is executed.
19:46:13 INFO  : 'targets -set -filter {jtag_cable_name =~ "Digilent JTAG-HS1 210512180081" && level==0} -index 1' command is executed.
19:46:24 INFO  : FPGA configured successfully with bitstream "D:/TH/2026au/FPGA/DPU_new/DPU_new.sdk/ps_dpu_wrapper_hw_platform_0/ps_dpu_wrapper.bit"
19:46:24 INFO  : Context for 'APU' is selected.
19:46:25 INFO  : Hardware design information is loaded from 'D:/TH/2026au/FPGA/DPU_new/DPU_new.sdk/ps_dpu_wrapper_hw_platform_0/system.hdf'.
19:46:25 INFO  : 'configparams force-mem-access 1' command is executed.
19:46:25 INFO  : Context for 'APU' is selected.
19:46:25 INFO  : 'ps7_init' command is executed.
19:46:25 INFO  : 'ps7_post_config' command is executed.
19:46:25 INFO  : Context for processor 'ps7_cortexa9_0' is selected.
19:46:25 INFO  : The application 'D:/TH/2026au/FPGA/DPU_new/DPU_new.sdk/ps_dpu/Debug/ps_dpu.elf' is downloaded to processor 'ps7_cortexa9_0'.
19:46:25 INFO  : 'configparams force-mem-access 0' command is executed.
19:46:25 INFO  : ----------------XSDB Script----------------
connect -url tcp:127.0.0.1:3121
source D:/TH/2026au/FPGA/DPU_new/DPU_new.sdk/ps_dpu_wrapper_hw_platform_0/ps7_init.tcl
targets -set -nocase -filter {name =~"APU*" && jtag_cable_name =~ "Digilent JTAG-HS1 210512180081"} -index 0
rst -system
after 3000
targets -set -filter {jtag_cable_name =~ "Digilent JTAG-HS1 210512180081" && level==0} -index 1
fpga -file D:/TH/2026au/FPGA/DPU_new/DPU_new.sdk/ps_dpu_wrapper_hw_platform_0/ps_dpu_wrapper.bit
targets -set -nocase -filter {name =~"APU*" && jtag_cable_name =~ "Digilent JTAG-HS1 210512180081"} -index 0
loadhw -hw D:/TH/2026au/FPGA/DPU_new/DPU_new.sdk/ps_dpu_wrapper_hw_platform_0/system.hdf -mem-ranges [list {0x40000000 0xbfffffff}]
configparams force-mem-access 1
targets -set -nocase -filter {name =~"APU*" && jtag_cable_name =~ "Digilent JTAG-HS1 210512180081"} -index 0
ps7_init
ps7_post_config
targets -set -nocase -filter {name =~ "ARM*#0" && jtag_cable_name =~ "Digilent JTAG-HS1 210512180081"} -index 0
dow D:/TH/2026au/FPGA/DPU_new/DPU_new.sdk/ps_dpu/Debug/ps_dpu.elf
configparams force-mem-access 0
----------------End of Script----------------

19:46:26 INFO  : Memory regions updated for context APU
19:46:26 INFO  : Context for processor 'ps7_cortexa9_0' is selected.
19:46:26 INFO  : 'con' command is executed.
19:46:26 INFO  : ----------------XSDB Script (After Launch)----------------
targets -set -nocase -filter {name =~ "ARM*#0" && jtag_cable_name =~ "Digilent JTAG-HS1 210512180081"} -index 0
con
----------------End of Script----------------

19:46:26 INFO  : Launch script is exported to file 'D:\TH\2026au\FPGA\DPU_new\DPU_new.sdk\.sdk\launch_scripts\performance_analysis\performance_analysis_using_debug_ps_dpu.elf_on_local.tcl'
19:46:28 INFO  : Closing '1' event editor(s) opened on performance analysis data from previous run(s).
19:46:28 INFO  : Performance data for 'PS' will be exported to the file 'D:\TH\2026au\FPGA\DPU_new\DPU_new.sdk\ps_dpu_wrapper_hw_platform_0_Traces\Traces\Run_一月-21_19-46\PS_Trace_一月-21_19-46\trace'
19:46:28 INFO  : Added tracing folder 'D:\TH\2026au\FPGA\DPU_new\DPU_new.sdk\ps_dpu_wrapper_hw_platform_0_Traces\Traces\Run_一月-21_19-46\PS_Trace_一月-21_19-46' into  'ps_dpu_wrapper_hw_platform_0_Traces'
19:46:28 INFO  : Attempting to open tracing file 'PS_Trace_一月-21_19-46'
19:53:02 INFO  : Performance data for 'PS' has been exported to the file 'D:\TH\2026au\FPGA\DPU_new\DPU_new.sdk\ps_dpu_wrapper_hw_platform_0_Traces\Traces\Run_一月-21_19-46\PS_Trace_一月-21_19-46\trace'
19:53:02 INFO  : Disconnected from the channel tcfchan#3.
19:53:03 INFO  : Connected to target on host '127.0.0.1' and port '3121'.
19:53:03 INFO  : Jtag cable 'Digilent JTAG-HS1 210512180081' is selected.
19:53:03 INFO  : 'jtag frequency' command is executed.
19:53:03 INFO  : Sourcing of 'D:/TH/2026au/FPGA/DPU_new/DPU_new.sdk/ps_dpu_wrapper_hw_platform_0/ps7_init.tcl' is done.
19:53:03 INFO  : Context for 'APU' is selected.
19:53:03 INFO  : System reset is completed.
19:53:06 INFO  : 'after 3000' command is executed.
19:53:06 INFO  : 'targets -set -filter {jtag_cable_name =~ "Digilent JTAG-HS1 210512180081" && level==0} -index 1' command is executed.
19:53:18 INFO  : FPGA configured successfully with bitstream "D:/TH/2026au/FPGA/DPU_new/DPU_new.sdk/ps_dpu_wrapper_hw_platform_0/ps_dpu_wrapper.bit"
19:53:18 INFO  : Context for 'APU' is selected.
19:53:18 INFO  : Hardware design information is loaded from 'D:/TH/2026au/FPGA/DPU_new/DPU_new.sdk/ps_dpu_wrapper_hw_platform_0/system.hdf'.
19:53:18 INFO  : 'configparams force-mem-access 1' command is executed.
19:53:18 INFO  : Context for 'APU' is selected.
19:53:19 INFO  : 'ps7_init' command is executed.
19:53:19 INFO  : 'ps7_post_config' command is executed.
19:53:19 INFO  : Context for processor 'ps7_cortexa9_0' is selected.
19:53:19 INFO  : The application 'D:/TH/2026au/FPGA/DPU_new/DPU_new.sdk/ps_dpu/Debug/ps_dpu.elf' is downloaded to processor 'ps7_cortexa9_0'.
19:53:19 INFO  : 'configparams force-mem-access 0' command is executed.
19:53:19 INFO  : ----------------XSDB Script----------------
connect -url tcp:127.0.0.1:3121
source D:/TH/2026au/FPGA/DPU_new/DPU_new.sdk/ps_dpu_wrapper_hw_platform_0/ps7_init.tcl
targets -set -nocase -filter {name =~"APU*" && jtag_cable_name =~ "Digilent JTAG-HS1 210512180081"} -index 0
rst -system
after 3000
targets -set -filter {jtag_cable_name =~ "Digilent JTAG-HS1 210512180081" && level==0} -index 1
fpga -file D:/TH/2026au/FPGA/DPU_new/DPU_new.sdk/ps_dpu_wrapper_hw_platform_0/ps_dpu_wrapper.bit
targets -set -nocase -filter {name =~"APU*" && jtag_cable_name =~ "Digilent JTAG-HS1 210512180081"} -index 0
loadhw -hw D:/TH/2026au/FPGA/DPU_new/DPU_new.sdk/ps_dpu_wrapper_hw_platform_0/system.hdf -mem-ranges [list {0x40000000 0xbfffffff}]
configparams force-mem-access 1
targets -set -nocase -filter {name =~"APU*" && jtag_cable_name =~ "Digilent JTAG-HS1 210512180081"} -index 0
ps7_init
ps7_post_config
targets -set -nocase -filter {name =~ "ARM*#0" && jtag_cable_name =~ "Digilent JTAG-HS1 210512180081"} -index 0
dow D:/TH/2026au/FPGA/DPU_new/DPU_new.sdk/ps_dpu/Debug/ps_dpu.elf
configparams force-mem-access 0
----------------End of Script----------------

19:53:19 INFO  : Memory regions updated for context APU
19:53:19 INFO  : Context for processor 'ps7_cortexa9_0' is selected.
19:53:19 INFO  : 'con' command is executed.
19:53:19 INFO  : ----------------XSDB Script (After Launch)----------------
targets -set -nocase -filter {name =~ "ARM*#0" && jtag_cable_name =~ "Digilent JTAG-HS1 210512180081"} -index 0
con
----------------End of Script----------------

19:53:19 INFO  : Launch script is exported to file 'D:\TH\2026au\FPGA\DPU_new\DPU_new.sdk\.sdk\launch_scripts\performance_analysis\performance_analysis_using_debug_ps_dpu.elf_on_local.tcl'
19:53:28 INFO  : Closing '1' event editor(s) opened on performance analysis data from previous run(s).
19:53:28 INFO  : Performance data for 'PS' will be exported to the file 'D:\TH\2026au\FPGA\DPU_new\DPU_new.sdk\ps_dpu_wrapper_hw_platform_0_Traces\Traces\Run_一月-21_19-53\PS_Trace_一月-21_19-53\trace'
19:53:28 INFO  : Added tracing folder 'D:\TH\2026au\FPGA\DPU_new\DPU_new.sdk\ps_dpu_wrapper_hw_platform_0_Traces\Traces\Run_一月-21_19-53\PS_Trace_一月-21_19-53' into  'ps_dpu_wrapper_hw_platform_0_Traces'
19:53:28 INFO  : Attempting to open tracing file 'PS_Trace_一月-21_19-53'
19:58:34 INFO  : Performance data for 'PS' has been exported to the file 'D:\TH\2026au\FPGA\DPU_new\DPU_new.sdk\ps_dpu_wrapper_hw_platform_0_Traces\Traces\Run_一月-21_19-53\PS_Trace_一月-21_19-53\trace'
19:58:34 INFO  : Disconnected from the channel tcfchan#4.
19:58:35 INFO  : Connected to target on host '127.0.0.1' and port '3121'.
19:58:35 INFO  : Jtag cable 'Digilent JTAG-HS1 210512180081' is selected.
19:58:35 INFO  : 'jtag frequency' command is executed.
19:58:35 INFO  : Sourcing of 'D:/TH/2026au/FPGA/DPU_new/DPU_new.sdk/ps_dpu_wrapper_hw_platform_0/ps7_init.tcl' is done.
19:58:35 INFO  : Context for 'APU' is selected.
19:58:35 INFO  : System reset is completed.
19:58:38 INFO  : 'after 3000' command is executed.
19:58:38 INFO  : 'targets -set -filter {jtag_cable_name =~ "Digilent JTAG-HS1 210512180081" && level==0} -index 1' command is executed.
19:58:50 INFO  : FPGA configured successfully with bitstream "D:/TH/2026au/FPGA/DPU_new/DPU_new.sdk/ps_dpu_wrapper_hw_platform_0/ps_dpu_wrapper.bit"
19:58:50 INFO  : Context for 'APU' is selected.
19:58:50 INFO  : Hardware design information is loaded from 'D:/TH/2026au/FPGA/DPU_new/DPU_new.sdk/ps_dpu_wrapper_hw_platform_0/system.hdf'.
19:58:50 INFO  : 'configparams force-mem-access 1' command is executed.
19:58:50 INFO  : Context for 'APU' is selected.
19:58:51 INFO  : 'ps7_init' command is executed.
19:58:51 INFO  : 'ps7_post_config' command is executed.
19:58:51 INFO  : Context for processor 'ps7_cortexa9_0' is selected.
19:58:51 INFO  : The application 'D:/TH/2026au/FPGA/DPU_new/DPU_new.sdk/ps_dpu/Debug/ps_dpu.elf' is downloaded to processor 'ps7_cortexa9_0'.
19:58:51 INFO  : 'configparams force-mem-access 0' command is executed.
19:58:51 INFO  : ----------------XSDB Script----------------
connect -url tcp:127.0.0.1:3121
source D:/TH/2026au/FPGA/DPU_new/DPU_new.sdk/ps_dpu_wrapper_hw_platform_0/ps7_init.tcl
targets -set -nocase -filter {name =~"APU*" && jtag_cable_name =~ "Digilent JTAG-HS1 210512180081"} -index 0
rst -system
after 3000
targets -set -filter {jtag_cable_name =~ "Digilent JTAG-HS1 210512180081" && level==0} -index 1
fpga -file D:/TH/2026au/FPGA/DPU_new/DPU_new.sdk/ps_dpu_wrapper_hw_platform_0/ps_dpu_wrapper.bit
targets -set -nocase -filter {name =~"APU*" && jtag_cable_name =~ "Digilent JTAG-HS1 210512180081"} -index 0
loadhw -hw D:/TH/2026au/FPGA/DPU_new/DPU_new.sdk/ps_dpu_wrapper_hw_platform_0/system.hdf -mem-ranges [list {0x40000000 0xbfffffff}]
configparams force-mem-access 1
targets -set -nocase -filter {name =~"APU*" && jtag_cable_name =~ "Digilent JTAG-HS1 210512180081"} -index 0
ps7_init
ps7_post_config
targets -set -nocase -filter {name =~ "ARM*#0" && jtag_cable_name =~ "Digilent JTAG-HS1 210512180081"} -index 0
dow D:/TH/2026au/FPGA/DPU_new/DPU_new.sdk/ps_dpu/Debug/ps_dpu.elf
configparams force-mem-access 0
----------------End of Script----------------

19:58:51 INFO  : Memory regions updated for context APU
19:58:51 INFO  : Context for processor 'ps7_cortexa9_0' is selected.
19:58:51 INFO  : 'con' command is executed.
19:58:51 INFO  : ----------------XSDB Script (After Launch)----------------
targets -set -nocase -filter {name =~ "ARM*#0" && jtag_cable_name =~ "Digilent JTAG-HS1 210512180081"} -index 0
con
----------------End of Script----------------

19:58:51 INFO  : Launch script is exported to file 'D:\TH\2026au\FPGA\DPU_new\DPU_new.sdk\.sdk\launch_scripts\performance_analysis\performance_analysis_using_debug_ps_dpu.elf_on_local.tcl'
19:58:55 INFO  : Closing '1' event editor(s) opened on performance analysis data from previous run(s).
19:58:55 INFO  : Performance data for 'PS' will be exported to the file 'D:\TH\2026au\FPGA\DPU_new\DPU_new.sdk\ps_dpu_wrapper_hw_platform_0_Traces\Traces\Run_一月-21_19-58\PS_Trace_一月-21_19-58\trace'
19:58:55 INFO  : Added tracing folder 'D:\TH\2026au\FPGA\DPU_new\DPU_new.sdk\ps_dpu_wrapper_hw_platform_0_Traces\Traces\Run_一月-21_19-58\PS_Trace_一月-21_19-58' into  'ps_dpu_wrapper_hw_platform_0_Traces'
19:58:55 INFO  : Attempting to open tracing file 'PS_Trace_一月-21_19-58'
20:00:27 INFO  : Performance data for 'PS' has been exported to the file 'D:\TH\2026au\FPGA\DPU_new\DPU_new.sdk\ps_dpu_wrapper_hw_platform_0_Traces\Traces\Run_一月-21_19-58\PS_Trace_一月-21_19-58\trace'
20:00:27 INFO  : Disconnected from the channel tcfchan#5.
20:00:28 INFO  : Connected to target on host '127.0.0.1' and port '3121'.
20:00:29 INFO  : Jtag cable 'Digilent JTAG-HS1 210512180081' is selected.
20:00:29 INFO  : 'jtag frequency' command is executed.
20:00:29 INFO  : Sourcing of 'D:/TH/2026au/FPGA/DPU_new/DPU_new.sdk/ps_dpu_wrapper_hw_platform_0/ps7_init.tcl' is done.
20:00:29 INFO  : Context for 'APU' is selected.
20:00:29 INFO  : System reset is completed.
20:00:32 INFO  : 'after 3000' command is executed.
20:00:32 INFO  : 'targets -set -filter {jtag_cable_name =~ "Digilent JTAG-HS1 210512180081" && level==0} -index 1' command is executed.
20:00:43 INFO  : FPGA configured successfully with bitstream "D:/TH/2026au/FPGA/DPU_new/DPU_new.sdk/ps_dpu_wrapper_hw_platform_0/ps_dpu_wrapper.bit"
20:00:43 INFO  : Context for 'APU' is selected.
20:00:44 INFO  : Hardware design information is loaded from 'D:/TH/2026au/FPGA/DPU_new/DPU_new.sdk/ps_dpu_wrapper_hw_platform_0/system.hdf'.
20:00:44 INFO  : 'configparams force-mem-access 1' command is executed.
20:00:44 INFO  : Context for 'APU' is selected.
20:00:44 INFO  : 'ps7_init' command is executed.
20:00:44 INFO  : 'ps7_post_config' command is executed.
20:00:44 INFO  : Context for processor 'ps7_cortexa9_0' is selected.
20:00:44 INFO  : The application 'D:/TH/2026au/FPGA/DPU_new/DPU_new.sdk/ps_dpu/Debug/ps_dpu.elf' is downloaded to processor 'ps7_cortexa9_0'.
20:00:44 INFO  : 'configparams force-mem-access 0' command is executed.
20:00:44 INFO  : ----------------XSDB Script----------------
connect -url tcp:127.0.0.1:3121
source D:/TH/2026au/FPGA/DPU_new/DPU_new.sdk/ps_dpu_wrapper_hw_platform_0/ps7_init.tcl
targets -set -nocase -filter {name =~"APU*" && jtag_cable_name =~ "Digilent JTAG-HS1 210512180081"} -index 0
rst -system
after 3000
targets -set -filter {jtag_cable_name =~ "Digilent JTAG-HS1 210512180081" && level==0} -index 1
fpga -file D:/TH/2026au/FPGA/DPU_new/DPU_new.sdk/ps_dpu_wrapper_hw_platform_0/ps_dpu_wrapper.bit
targets -set -nocase -filter {name =~"APU*" && jtag_cable_name =~ "Digilent JTAG-HS1 210512180081"} -index 0
loadhw -hw D:/TH/2026au/FPGA/DPU_new/DPU_new.sdk/ps_dpu_wrapper_hw_platform_0/system.hdf -mem-ranges [list {0x40000000 0xbfffffff}]
configparams force-mem-access 1
targets -set -nocase -filter {name =~"APU*" && jtag_cable_name =~ "Digilent JTAG-HS1 210512180081"} -index 0
ps7_init
ps7_post_config
targets -set -nocase -filter {name =~ "ARM*#0" && jtag_cable_name =~ "Digilent JTAG-HS1 210512180081"} -index 0
dow D:/TH/2026au/FPGA/DPU_new/DPU_new.sdk/ps_dpu/Debug/ps_dpu.elf
configparams force-mem-access 0
----------------End of Script----------------

20:00:44 INFO  : Memory regions updated for context APU
20:00:44 INFO  : Context for processor 'ps7_cortexa9_0' is selected.
20:00:44 INFO  : 'con' command is executed.
20:00:44 INFO  : ----------------XSDB Script (After Launch)----------------
targets -set -nocase -filter {name =~ "ARM*#0" && jtag_cable_name =~ "Digilent JTAG-HS1 210512180081"} -index 0
con
----------------End of Script----------------

20:00:44 INFO  : Launch script is exported to file 'D:\TH\2026au\FPGA\DPU_new\DPU_new.sdk\.sdk\launch_scripts\performance_analysis\performance_analysis_using_debug_ps_dpu.elf_on_local.tcl'
20:00:45 INFO  : Closing '1' event editor(s) opened on performance analysis data from previous run(s).
20:00:45 INFO  : Performance data for 'PS' will be exported to the file 'D:\TH\2026au\FPGA\DPU_new\DPU_new.sdk\ps_dpu_wrapper_hw_platform_0_Traces\Traces\Run_一月-21_20-00\PS_Trace_一月-21_20-00\trace'
20:00:45 INFO  : Added tracing folder 'D:\TH\2026au\FPGA\DPU_new\DPU_new.sdk\ps_dpu_wrapper_hw_platform_0_Traces\Traces\Run_一月-21_20-00\PS_Trace_一月-21_20-00' into  'ps_dpu_wrapper_hw_platform_0_Traces'
20:00:45 INFO  : Attempting to open tracing file 'PS_Trace_一月-21_20-00'
20:10:45 INFO  : Performance data for 'PS' has been exported to the file 'D:\TH\2026au\FPGA\DPU_new\DPU_new.sdk\ps_dpu_wrapper_hw_platform_0_Traces\Traces\Run_一月-21_20-00\PS_Trace_一月-21_20-00\trace'
20:28:47 INFO  : SDK has detected change in the last modified timestamps for source hardware specification file Source:1768998503639,  Project:1768986294867
20:28:47 INFO  : Project ps_dpu_wrapper_hw_platform_0's source hardware specification located at D:/TH/2026au/FPGA/DPU_new/DPU_new.sdk/ps_dpu_wrapper.hdf is now different from the local copy.
		 The local copy will be replaced with the source specification and your workspace will be updated.
20:28:55 INFO  : Copied contents of D:/TH/2026au/FPGA/DPU_new/DPU_new.sdk/ps_dpu_wrapper.hdf into \ps_dpu_wrapper_hw_platform_0\system.hdf.
20:28:56 INFO  : Synchronizing projects in the workspace with the hardware platform specification changes.
20:28:58 INFO  : 
20:28:59 INFO  : Updating hardware inferred compiler options for ps_dpu.
20:28:59 INFO  : Clearing existing target manager status.
20:28:59 WARN  : Given IPC port value is invalid. Using default port 2350
20:28:59 WARN  : Given XMD timeout value is invalid. Using default value of 50000
20:29:00 WARN  : Given XMD transaction timeout value is invalid. Using default value of 60000 milli seconds
20:29:00 INFO  : Workspace synchronized with the new hardware specification file. Cleaning dependent projects...
20:29:01 WARN  : Linker script will not be updated automatically. Users need to update it manually.
20:29:28 INFO  : Performance data for 'PS' has been exported to the file 'D:\TH\2026au\FPGA\DPU_new\DPU_new.sdk\ps_dpu_wrapper_hw_platform_0_Traces\Traces\Run_一月-21_20-00\PS_Trace_一月-21_20-00\trace'
20:29:28 INFO  : Disconnected from the channel tcfchan#6.
20:29:29 INFO  : Connected to target on host '127.0.0.1' and port '3121'.
20:29:29 INFO  : Jtag cable 'Digilent JTAG-HS1 210512180081' is selected.
20:29:29 INFO  : 'jtag frequency' command is executed.
20:29:29 INFO  : Sourcing of 'D:/TH/2026au/FPGA/DPU_new/DPU_new.sdk/ps_dpu_wrapper_hw_platform_0/ps7_init.tcl' is done.
20:29:29 INFO  : Context for 'APU' is selected.
20:29:29 INFO  : System reset is completed.
20:29:32 INFO  : 'after 3000' command is executed.
20:29:32 INFO  : 'targets -set -filter {jtag_cable_name =~ "Digilent JTAG-HS1 210512180081" && level==0} -index 1' command is executed.
20:29:44 INFO  : FPGA configured successfully with bitstream "D:/TH/2026au/FPGA/DPU_new/DPU_new.sdk/ps_dpu_wrapper_hw_platform_0/ps_dpu_wrapper.bit"
20:29:44 INFO  : Context for 'APU' is selected.
20:29:44 INFO  : Hardware design information is loaded from 'D:/TH/2026au/FPGA/DPU_new/DPU_new.sdk/ps_dpu_wrapper_hw_platform_0/system.hdf'.
20:29:44 INFO  : 'configparams force-mem-access 1' command is executed.
20:29:44 INFO  : Context for 'APU' is selected.
20:29:44 INFO  : 'ps7_init' command is executed.
20:29:44 INFO  : 'ps7_post_config' command is executed.
20:29:44 INFO  : Context for processor 'ps7_cortexa9_0' is selected.
20:29:44 INFO  : The application 'D:/TH/2026au/FPGA/DPU_new/DPU_new.sdk/ps_dpu/Debug/ps_dpu.elf' is downloaded to processor 'ps7_cortexa9_0'.
20:29:44 INFO  : 'configparams force-mem-access 0' command is executed.
20:29:44 INFO  : ----------------XSDB Script----------------
connect -url tcp:127.0.0.1:3121
source D:/TH/2026au/FPGA/DPU_new/DPU_new.sdk/ps_dpu_wrapper_hw_platform_0/ps7_init.tcl
targets -set -nocase -filter {name =~"APU*" && jtag_cable_name =~ "Digilent JTAG-HS1 210512180081"} -index 0
rst -system
after 3000
targets -set -filter {jtag_cable_name =~ "Digilent JTAG-HS1 210512180081" && level==0} -index 1
fpga -file D:/TH/2026au/FPGA/DPU_new/DPU_new.sdk/ps_dpu_wrapper_hw_platform_0/ps_dpu_wrapper.bit
targets -set -nocase -filter {name =~"APU*" && jtag_cable_name =~ "Digilent JTAG-HS1 210512180081"} -index 0
loadhw -hw D:/TH/2026au/FPGA/DPU_new/DPU_new.sdk/ps_dpu_wrapper_hw_platform_0/system.hdf -mem-ranges [list {0x40000000 0xbfffffff}]
configparams force-mem-access 1
targets -set -nocase -filter {name =~"APU*" && jtag_cable_name =~ "Digilent JTAG-HS1 210512180081"} -index 0
ps7_init
ps7_post_config
targets -set -nocase -filter {name =~ "ARM*#0" && jtag_cable_name =~ "Digilent JTAG-HS1 210512180081"} -index 0
dow D:/TH/2026au/FPGA/DPU_new/DPU_new.sdk/ps_dpu/Debug/ps_dpu.elf
configparams force-mem-access 0
----------------End of Script----------------

20:29:44 INFO  : Memory regions updated for context APU
20:29:44 INFO  : Context for processor 'ps7_cortexa9_0' is selected.
20:29:44 INFO  : 'con' command is executed.
20:29:44 INFO  : ----------------XSDB Script (After Launch)----------------
targets -set -nocase -filter {name =~ "ARM*#0" && jtag_cable_name =~ "Digilent JTAG-HS1 210512180081"} -index 0
con
----------------End of Script----------------

20:29:44 INFO  : Launch script is exported to file 'D:\TH\2026au\FPGA\DPU_new\DPU_new.sdk\.sdk\launch_scripts\performance_analysis\performance_analysis_using_debug_ps_dpu.elf_on_local.tcl'
20:29:45 INFO  : Closing '1' event editor(s) opened on performance analysis data from previous run(s).
20:29:45 INFO  : Performance data for 'PS' will be exported to the file 'D:\TH\2026au\FPGA\DPU_new\DPU_new.sdk\ps_dpu_wrapper_hw_platform_0_Traces\Traces\Run_一月-21_20-29\PS_Trace_一月-21_20-29\trace'
20:29:45 INFO  : Added tracing folder 'D:\TH\2026au\FPGA\DPU_new\DPU_new.sdk\ps_dpu_wrapper_hw_platform_0_Traces\Traces\Run_一月-21_20-29\PS_Trace_一月-21_20-29' into  'ps_dpu_wrapper_hw_platform_0_Traces'
20:29:45 INFO  : Attempting to open tracing file 'PS_Trace_一月-21_20-29'
20:31:32 INFO  : Performance data for 'PS' has been exported to the file 'D:\TH\2026au\FPGA\DPU_new\DPU_new.sdk\ps_dpu_wrapper_hw_platform_0_Traces\Traces\Run_一月-21_20-29\PS_Trace_一月-21_20-29\trace'
20:31:32 INFO  : Disconnected from the channel tcfchan#7.
20:31:33 INFO  : Connected to target on host '127.0.0.1' and port '3121'.
20:31:34 INFO  : Jtag cable 'Digilent JTAG-HS1 210512180081' is selected.
20:31:34 INFO  : 'jtag frequency' command is executed.
20:31:34 INFO  : Sourcing of 'D:/TH/2026au/FPGA/DPU_new/DPU_new.sdk/ps_dpu_wrapper_hw_platform_0/ps7_init.tcl' is done.
20:31:34 INFO  : Context for 'APU' is selected.
20:31:34 INFO  : System reset is completed.
20:31:37 INFO  : 'after 3000' command is executed.
20:31:37 INFO  : 'targets -set -filter {jtag_cable_name =~ "Digilent JTAG-HS1 210512180081" && level==0} -index 1' command is executed.
20:31:48 INFO  : FPGA configured successfully with bitstream "D:/TH/2026au/FPGA/DPU_new/DPU_new.sdk/ps_dpu_wrapper_hw_platform_0/ps_dpu_wrapper.bit"
20:31:48 INFO  : Context for 'APU' is selected.
20:31:49 INFO  : Hardware design information is loaded from 'D:/TH/2026au/FPGA/DPU_new/DPU_new.sdk/ps_dpu_wrapper_hw_platform_0/system.hdf'.
20:31:49 INFO  : 'configparams force-mem-access 1' command is executed.
20:31:49 INFO  : Context for 'APU' is selected.
20:31:49 INFO  : 'ps7_init' command is executed.
20:31:49 INFO  : 'ps7_post_config' command is executed.
20:31:49 INFO  : Context for processor 'ps7_cortexa9_0' is selected.
20:31:49 INFO  : The application 'D:/TH/2026au/FPGA/DPU_new/DPU_new.sdk/ps_dpu/Debug/ps_dpu.elf' is downloaded to processor 'ps7_cortexa9_0'.
20:31:49 INFO  : 'configparams force-mem-access 0' command is executed.
20:31:49 INFO  : ----------------XSDB Script----------------
connect -url tcp:127.0.0.1:3121
source D:/TH/2026au/FPGA/DPU_new/DPU_new.sdk/ps_dpu_wrapper_hw_platform_0/ps7_init.tcl
targets -set -nocase -filter {name =~"APU*" && jtag_cable_name =~ "Digilent JTAG-HS1 210512180081"} -index 0
rst -system
after 3000
targets -set -filter {jtag_cable_name =~ "Digilent JTAG-HS1 210512180081" && level==0} -index 1
fpga -file D:/TH/2026au/FPGA/DPU_new/DPU_new.sdk/ps_dpu_wrapper_hw_platform_0/ps_dpu_wrapper.bit
targets -set -nocase -filter {name =~"APU*" && jtag_cable_name =~ "Digilent JTAG-HS1 210512180081"} -index 0
loadhw -hw D:/TH/2026au/FPGA/DPU_new/DPU_new.sdk/ps_dpu_wrapper_hw_platform_0/system.hdf -mem-ranges [list {0x40000000 0xbfffffff}]
configparams force-mem-access 1
targets -set -nocase -filter {name =~"APU*" && jtag_cable_name =~ "Digilent JTAG-HS1 210512180081"} -index 0
ps7_init
ps7_post_config
targets -set -nocase -filter {name =~ "ARM*#0" && jtag_cable_name =~ "Digilent JTAG-HS1 210512180081"} -index 0
dow D:/TH/2026au/FPGA/DPU_new/DPU_new.sdk/ps_dpu/Debug/ps_dpu.elf
configparams force-mem-access 0
----------------End of Script----------------

20:31:49 INFO  : Memory regions updated for context APU
20:31:49 INFO  : Context for processor 'ps7_cortexa9_0' is selected.
20:31:49 INFO  : 'con' command is executed.
20:31:49 INFO  : ----------------XSDB Script (After Launch)----------------
targets -set -nocase -filter {name =~ "ARM*#0" && jtag_cable_name =~ "Digilent JTAG-HS1 210512180081"} -index 0
con
----------------End of Script----------------

20:31:49 INFO  : Launch script is exported to file 'D:\TH\2026au\FPGA\DPU_new\DPU_new.sdk\.sdk\launch_scripts\performance_analysis\performance_analysis_using_debug_ps_dpu.elf_on_local.tcl'
20:31:50 INFO  : Closing '1' event editor(s) opened on performance analysis data from previous run(s).
20:31:50 INFO  : Performance data for 'PS' will be exported to the file 'D:\TH\2026au\FPGA\DPU_new\DPU_new.sdk\ps_dpu_wrapper_hw_platform_0_Traces\Traces\Run_一月-21_20-31\PS_Trace_一月-21_20-31\trace'
20:31:50 INFO  : Added tracing folder 'D:\TH\2026au\FPGA\DPU_new\DPU_new.sdk\ps_dpu_wrapper_hw_platform_0_Traces\Traces\Run_一月-21_20-31\PS_Trace_一月-21_20-31' into  'ps_dpu_wrapper_hw_platform_0_Traces'
20:31:50 INFO  : Attempting to open tracing file 'PS_Trace_一月-21_20-31'
20:32:10 INFO  : Performance data for 'PS' has been exported to the file 'D:\TH\2026au\FPGA\DPU_new\DPU_new.sdk\ps_dpu_wrapper_hw_platform_0_Traces\Traces\Run_一月-21_20-31\PS_Trace_一月-21_20-31\trace'
20:32:10 INFO  : Disconnected from the channel tcfchan#8.
20:32:11 INFO  : Connected to target on host '127.0.0.1' and port '3121'.
20:32:11 INFO  : Jtag cable 'Digilent JTAG-HS1 210512180081' is selected.
20:32:11 INFO  : 'jtag frequency' command is executed.
20:32:11 INFO  : Sourcing of 'D:/TH/2026au/FPGA/DPU_new/DPU_new.sdk/ps_dpu_wrapper_hw_platform_0/ps7_init.tcl' is done.
20:32:11 INFO  : Context for 'APU' is selected.
20:32:11 INFO  : System reset is completed.
20:32:14 INFO  : 'after 3000' command is executed.
20:32:14 INFO  : 'targets -set -filter {jtag_cable_name =~ "Digilent JTAG-HS1 210512180081" && level==0} -index 1' command is executed.
20:32:25 INFO  : FPGA configured successfully with bitstream "D:/TH/2026au/FPGA/DPU_new/DPU_new.sdk/ps_dpu_wrapper_hw_platform_0/ps_dpu_wrapper.bit"
20:32:25 INFO  : Context for 'APU' is selected.
20:32:25 INFO  : Hardware design information is loaded from 'D:/TH/2026au/FPGA/DPU_new/DPU_new.sdk/ps_dpu_wrapper_hw_platform_0/system.hdf'.
20:32:25 INFO  : 'configparams force-mem-access 1' command is executed.
20:32:25 INFO  : Context for 'APU' is selected.
20:32:26 INFO  : 'ps7_init' command is executed.
20:32:26 INFO  : 'ps7_post_config' command is executed.
20:32:26 INFO  : Context for processor 'ps7_cortexa9_0' is selected.
20:32:26 INFO  : The application 'D:/TH/2026au/FPGA/DPU_new/DPU_new.sdk/ps_dpu/Debug/ps_dpu.elf' is downloaded to processor 'ps7_cortexa9_0'.
20:32:26 INFO  : 'configparams force-mem-access 0' command is executed.
20:32:26 INFO  : ----------------XSDB Script----------------
connect -url tcp:127.0.0.1:3121
source D:/TH/2026au/FPGA/DPU_new/DPU_new.sdk/ps_dpu_wrapper_hw_platform_0/ps7_init.tcl
targets -set -nocase -filter {name =~"APU*" && jtag_cable_name =~ "Digilent JTAG-HS1 210512180081"} -index 0
rst -system
after 3000
targets -set -filter {jtag_cable_name =~ "Digilent JTAG-HS1 210512180081" && level==0} -index 1
fpga -file D:/TH/2026au/FPGA/DPU_new/DPU_new.sdk/ps_dpu_wrapper_hw_platform_0/ps_dpu_wrapper.bit
targets -set -nocase -filter {name =~"APU*" && jtag_cable_name =~ "Digilent JTAG-HS1 210512180081"} -index 0
loadhw -hw D:/TH/2026au/FPGA/DPU_new/DPU_new.sdk/ps_dpu_wrapper_hw_platform_0/system.hdf -mem-ranges [list {0x40000000 0xbfffffff}]
configparams force-mem-access 1
targets -set -nocase -filter {name =~"APU*" && jtag_cable_name =~ "Digilent JTAG-HS1 210512180081"} -index 0
ps7_init
ps7_post_config
targets -set -nocase -filter {name =~ "ARM*#0" && jtag_cable_name =~ "Digilent JTAG-HS1 210512180081"} -index 0
dow D:/TH/2026au/FPGA/DPU_new/DPU_new.sdk/ps_dpu/Debug/ps_dpu.elf
configparams force-mem-access 0
----------------End of Script----------------

20:32:26 INFO  : Memory regions updated for context APU
20:32:26 INFO  : Context for processor 'ps7_cortexa9_0' is selected.
20:32:26 INFO  : 'con' command is executed.
20:32:26 INFO  : ----------------XSDB Script (After Launch)----------------
targets -set -nocase -filter {name =~ "ARM*#0" && jtag_cable_name =~ "Digilent JTAG-HS1 210512180081"} -index 0
con
----------------End of Script----------------

20:32:26 INFO  : Launch script is exported to file 'D:\TH\2026au\FPGA\DPU_new\DPU_new.sdk\.sdk\launch_scripts\performance_analysis\performance_analysis_using_debug_ps_dpu.elf_on_local.tcl'
20:32:27 INFO  : Closing '1' event editor(s) opened on performance analysis data from previous run(s).
20:32:27 INFO  : Performance data for 'PS' will be exported to the file 'D:\TH\2026au\FPGA\DPU_new\DPU_new.sdk\ps_dpu_wrapper_hw_platform_0_Traces\Traces\Run_一月-21_20-32\PS_Trace_一月-21_20-32\trace'
20:32:27 INFO  : Added tracing folder 'D:\TH\2026au\FPGA\DPU_new\DPU_new.sdk\ps_dpu_wrapper_hw_platform_0_Traces\Traces\Run_一月-21_20-32\PS_Trace_一月-21_20-32' into  'ps_dpu_wrapper_hw_platform_0_Traces'
20:32:27 INFO  : Attempting to open tracing file 'PS_Trace_一月-21_20-32'
20:34:22 INFO  : Performance data for 'PS' has been exported to the file 'D:\TH\2026au\FPGA\DPU_new\DPU_new.sdk\ps_dpu_wrapper_hw_platform_0_Traces\Traces\Run_一月-21_20-32\PS_Trace_一月-21_20-32\trace'
20:34:22 INFO  : Disconnected from the channel tcfchan#9.
20:34:23 INFO  : Connected to target on host '127.0.0.1' and port '3121'.
20:34:23 INFO  : Jtag cable 'Digilent JTAG-HS1 210512180081' is selected.
20:34:23 INFO  : 'jtag frequency' command is executed.
20:34:23 INFO  : Sourcing of 'D:/TH/2026au/FPGA/DPU_new/DPU_new.sdk/ps_dpu_wrapper_hw_platform_0/ps7_init.tcl' is done.
20:34:23 INFO  : Context for 'APU' is selected.
20:34:23 INFO  : System reset is completed.
20:34:26 INFO  : 'after 3000' command is executed.
20:34:27 INFO  : 'targets -set -filter {jtag_cable_name =~ "Digilent JTAG-HS1 210512180081" && level==0} -index 1' command is executed.
20:34:38 INFO  : FPGA configured successfully with bitstream "D:/TH/2026au/FPGA/DPU_new/DPU_new.sdk/ps_dpu_wrapper_hw_platform_0/ps_dpu_wrapper.bit"
20:34:38 INFO  : Context for 'APU' is selected.
20:34:38 INFO  : Hardware design information is loaded from 'D:/TH/2026au/FPGA/DPU_new/DPU_new.sdk/ps_dpu_wrapper_hw_platform_0/system.hdf'.
20:34:38 INFO  : 'configparams force-mem-access 1' command is executed.
20:34:38 INFO  : Context for 'APU' is selected.
20:34:38 INFO  : 'ps7_init' command is executed.
20:34:38 INFO  : 'ps7_post_config' command is executed.
20:34:38 INFO  : Context for processor 'ps7_cortexa9_0' is selected.
20:34:38 INFO  : The application 'D:/TH/2026au/FPGA/DPU_new/DPU_new.sdk/ps_dpu/Debug/ps_dpu.elf' is downloaded to processor 'ps7_cortexa9_0'.
20:34:38 INFO  : 'configparams force-mem-access 0' command is executed.
20:34:38 INFO  : ----------------XSDB Script----------------
connect -url tcp:127.0.0.1:3121
source D:/TH/2026au/FPGA/DPU_new/DPU_new.sdk/ps_dpu_wrapper_hw_platform_0/ps7_init.tcl
targets -set -nocase -filter {name =~"APU*" && jtag_cable_name =~ "Digilent JTAG-HS1 210512180081"} -index 0
rst -system
after 3000
targets -set -filter {jtag_cable_name =~ "Digilent JTAG-HS1 210512180081" && level==0} -index 1
fpga -file D:/TH/2026au/FPGA/DPU_new/DPU_new.sdk/ps_dpu_wrapper_hw_platform_0/ps_dpu_wrapper.bit
targets -set -nocase -filter {name =~"APU*" && jtag_cable_name =~ "Digilent JTAG-HS1 210512180081"} -index 0
loadhw -hw D:/TH/2026au/FPGA/DPU_new/DPU_new.sdk/ps_dpu_wrapper_hw_platform_0/system.hdf -mem-ranges [list {0x40000000 0xbfffffff}]
configparams force-mem-access 1
targets -set -nocase -filter {name =~"APU*" && jtag_cable_name =~ "Digilent JTAG-HS1 210512180081"} -index 0
ps7_init
ps7_post_config
targets -set -nocase -filter {name =~ "ARM*#0" && jtag_cable_name =~ "Digilent JTAG-HS1 210512180081"} -index 0
dow D:/TH/2026au/FPGA/DPU_new/DPU_new.sdk/ps_dpu/Debug/ps_dpu.elf
configparams force-mem-access 0
----------------End of Script----------------

20:34:38 INFO  : Memory regions updated for context APU
20:34:38 INFO  : Context for processor 'ps7_cortexa9_0' is selected.
20:34:38 INFO  : 'con' command is executed.
20:34:38 INFO  : ----------------XSDB Script (After Launch)----------------
targets -set -nocase -filter {name =~ "ARM*#0" && jtag_cable_name =~ "Digilent JTAG-HS1 210512180081"} -index 0
con
----------------End of Script----------------

20:34:38 INFO  : Launch script is exported to file 'D:\TH\2026au\FPGA\DPU_new\DPU_new.sdk\.sdk\launch_scripts\performance_analysis\performance_analysis_using_debug_ps_dpu.elf_on_local.tcl'
20:34:39 INFO  : Closing '1' event editor(s) opened on performance analysis data from previous run(s).
20:34:39 INFO  : Performance data for 'PS' will be exported to the file 'D:\TH\2026au\FPGA\DPU_new\DPU_new.sdk\ps_dpu_wrapper_hw_platform_0_Traces\Traces\Run_一月-21_20-34\PS_Trace_一月-21_20-34\trace'
20:34:39 INFO  : Added tracing folder 'D:\TH\2026au\FPGA\DPU_new\DPU_new.sdk\ps_dpu_wrapper_hw_platform_0_Traces\Traces\Run_一月-21_20-34\PS_Trace_一月-21_20-34' into  'ps_dpu_wrapper_hw_platform_0_Traces'
20:34:39 INFO  : Attempting to open tracing file 'PS_Trace_一月-21_20-34'
20:44:39 INFO  : Performance data for 'PS' has been exported to the file 'D:\TH\2026au\FPGA\DPU_new\DPU_new.sdk\ps_dpu_wrapper_hw_platform_0_Traces\Traces\Run_一月-21_20-34\PS_Trace_一月-21_20-34\trace'
20:46:02 INFO  : Performance data for 'PS' has been exported to the file 'D:\TH\2026au\FPGA\DPU_new\DPU_new.sdk\ps_dpu_wrapper_hw_platform_0_Traces\Traces\Run_一月-21_20-34\PS_Trace_一月-21_20-34\trace'
20:46:02 INFO  : Disconnected from the channel tcfchan#10.
20:46:03 INFO  : Connected to target on host '127.0.0.1' and port '3121'.
20:46:03 INFO  : Jtag cable 'Digilent JTAG-HS1 210512180081' is selected.
20:46:03 INFO  : 'jtag frequency' command is executed.
20:46:03 INFO  : Sourcing of 'D:/TH/2026au/FPGA/DPU_new/DPU_new.sdk/ps_dpu_wrapper_hw_platform_0/ps7_init.tcl' is done.
20:46:03 INFO  : Context for 'APU' is selected.
20:46:03 INFO  : System reset is completed.
20:46:06 INFO  : 'after 3000' command is executed.
20:46:06 INFO  : 'targets -set -filter {jtag_cable_name =~ "Digilent JTAG-HS1 210512180081" && level==0} -index 1' command is executed.
20:46:17 INFO  : FPGA configured successfully with bitstream "D:/TH/2026au/FPGA/DPU_new/DPU_new.sdk/ps_dpu_wrapper_hw_platform_0/ps_dpu_wrapper.bit"
20:46:18 INFO  : Context for 'APU' is selected.
20:46:18 INFO  : Hardware design information is loaded from 'D:/TH/2026au/FPGA/DPU_new/DPU_new.sdk/ps_dpu_wrapper_hw_platform_0/system.hdf'.
20:46:18 INFO  : 'configparams force-mem-access 1' command is executed.
20:46:18 INFO  : Context for 'APU' is selected.
20:46:18 INFO  : 'ps7_init' command is executed.
20:46:18 INFO  : 'ps7_post_config' command is executed.
20:46:18 INFO  : Context for processor 'ps7_cortexa9_0' is selected.
20:46:18 INFO  : The application 'D:/TH/2026au/FPGA/DPU_new/DPU_new.sdk/ps_dpu/Debug/ps_dpu.elf' is downloaded to processor 'ps7_cortexa9_0'.
20:46:18 INFO  : 'configparams force-mem-access 0' command is executed.
20:46:18 INFO  : ----------------XSDB Script----------------
connect -url tcp:127.0.0.1:3121
source D:/TH/2026au/FPGA/DPU_new/DPU_new.sdk/ps_dpu_wrapper_hw_platform_0/ps7_init.tcl
targets -set -nocase -filter {name =~"APU*" && jtag_cable_name =~ "Digilent JTAG-HS1 210512180081"} -index 0
rst -system
after 3000
targets -set -filter {jtag_cable_name =~ "Digilent JTAG-HS1 210512180081" && level==0} -index 1
fpga -file D:/TH/2026au/FPGA/DPU_new/DPU_new.sdk/ps_dpu_wrapper_hw_platform_0/ps_dpu_wrapper.bit
targets -set -nocase -filter {name =~"APU*" && jtag_cable_name =~ "Digilent JTAG-HS1 210512180081"} -index 0
loadhw -hw D:/TH/2026au/FPGA/DPU_new/DPU_new.sdk/ps_dpu_wrapper_hw_platform_0/system.hdf -mem-ranges [list {0x40000000 0xbfffffff}]
configparams force-mem-access 1
targets -set -nocase -filter {name =~"APU*" && jtag_cable_name =~ "Digilent JTAG-HS1 210512180081"} -index 0
ps7_init
ps7_post_config
targets -set -nocase -filter {name =~ "ARM*#0" && jtag_cable_name =~ "Digilent JTAG-HS1 210512180081"} -index 0
dow D:/TH/2026au/FPGA/DPU_new/DPU_new.sdk/ps_dpu/Debug/ps_dpu.elf
configparams force-mem-access 0
----------------End of Script----------------

20:46:18 INFO  : Memory regions updated for context APU
20:46:18 INFO  : Context for processor 'ps7_cortexa9_0' is selected.
20:46:18 INFO  : 'con' command is executed.
20:46:18 INFO  : ----------------XSDB Script (After Launch)----------------
targets -set -nocase -filter {name =~ "ARM*#0" && jtag_cable_name =~ "Digilent JTAG-HS1 210512180081"} -index 0
con
----------------End of Script----------------

20:46:18 INFO  : Launch script is exported to file 'D:\TH\2026au\FPGA\DPU_new\DPU_new.sdk\.sdk\launch_scripts\performance_analysis\performance_analysis_using_debug_ps_dpu.elf_on_local.tcl'
20:46:19 INFO  : Closing '1' event editor(s) opened on performance analysis data from previous run(s).
20:46:19 INFO  : Performance data for 'PS' will be exported to the file 'D:\TH\2026au\FPGA\DPU_new\DPU_new.sdk\ps_dpu_wrapper_hw_platform_0_Traces\Traces\Run_一月-21_20-46\PS_Trace_一月-21_20-46\trace'
20:46:19 INFO  : Added tracing folder 'D:\TH\2026au\FPGA\DPU_new\DPU_new.sdk\ps_dpu_wrapper_hw_platform_0_Traces\Traces\Run_一月-21_20-46\PS_Trace_一月-21_20-46' into  'ps_dpu_wrapper_hw_platform_0_Traces'
20:46:19 INFO  : Attempting to open tracing file 'PS_Trace_一月-21_20-46'
20:49:21 INFO  : Performance data for 'PS' has been exported to the file 'D:\TH\2026au\FPGA\DPU_new\DPU_new.sdk\ps_dpu_wrapper_hw_platform_0_Traces\Traces\Run_一月-21_20-46\PS_Trace_一月-21_20-46\trace'
20:49:21 INFO  : Disconnected from the channel tcfchan#11.
20:49:22 INFO  : Connected to target on host '127.0.0.1' and port '3121'.
20:49:22 INFO  : Jtag cable 'Digilent JTAG-HS1 210512180081' is selected.
20:49:22 INFO  : 'jtag frequency' command is executed.
20:49:22 INFO  : Sourcing of 'D:/TH/2026au/FPGA/DPU_new/DPU_new.sdk/ps_dpu_wrapper_hw_platform_0/ps7_init.tcl' is done.
20:49:22 INFO  : Context for 'APU' is selected.
20:49:22 INFO  : System reset is completed.
20:49:25 INFO  : 'after 3000' command is executed.
20:49:25 INFO  : 'targets -set -filter {jtag_cable_name =~ "Digilent JTAG-HS1 210512180081" && level==0} -index 1' command is executed.
20:49:36 INFO  : FPGA configured successfully with bitstream "D:/TH/2026au/FPGA/DPU_new/DPU_new.sdk/ps_dpu_wrapper_hw_platform_0/ps_dpu_wrapper.bit"
20:49:36 INFO  : Context for 'APU' is selected.
20:49:36 INFO  : Hardware design information is loaded from 'D:/TH/2026au/FPGA/DPU_new/DPU_new.sdk/ps_dpu_wrapper_hw_platform_0/system.hdf'.
20:49:36 INFO  : 'configparams force-mem-access 1' command is executed.
20:49:36 INFO  : Context for 'APU' is selected.
20:49:37 INFO  : 'ps7_init' command is executed.
20:49:37 INFO  : 'ps7_post_config' command is executed.
20:49:37 INFO  : Context for processor 'ps7_cortexa9_0' is selected.
20:49:37 INFO  : The application 'D:/TH/2026au/FPGA/DPU_new/DPU_new.sdk/ps_dpu/Debug/ps_dpu.elf' is downloaded to processor 'ps7_cortexa9_0'.
20:49:37 INFO  : 'configparams force-mem-access 0' command is executed.
20:49:37 INFO  : ----------------XSDB Script----------------
connect -url tcp:127.0.0.1:3121
source D:/TH/2026au/FPGA/DPU_new/DPU_new.sdk/ps_dpu_wrapper_hw_platform_0/ps7_init.tcl
targets -set -nocase -filter {name =~"APU*" && jtag_cable_name =~ "Digilent JTAG-HS1 210512180081"} -index 0
rst -system
after 3000
targets -set -filter {jtag_cable_name =~ "Digilent JTAG-HS1 210512180081" && level==0} -index 1
fpga -file D:/TH/2026au/FPGA/DPU_new/DPU_new.sdk/ps_dpu_wrapper_hw_platform_0/ps_dpu_wrapper.bit
targets -set -nocase -filter {name =~"APU*" && jtag_cable_name =~ "Digilent JTAG-HS1 210512180081"} -index 0
loadhw -hw D:/TH/2026au/FPGA/DPU_new/DPU_new.sdk/ps_dpu_wrapper_hw_platform_0/system.hdf -mem-ranges [list {0x40000000 0xbfffffff}]
configparams force-mem-access 1
targets -set -nocase -filter {name =~"APU*" && jtag_cable_name =~ "Digilent JTAG-HS1 210512180081"} -index 0
ps7_init
ps7_post_config
targets -set -nocase -filter {name =~ "ARM*#0" && jtag_cable_name =~ "Digilent JTAG-HS1 210512180081"} -index 0
dow D:/TH/2026au/FPGA/DPU_new/DPU_new.sdk/ps_dpu/Debug/ps_dpu.elf
configparams force-mem-access 0
----------------End of Script----------------

20:49:37 INFO  : Memory regions updated for context APU
20:49:37 INFO  : Context for processor 'ps7_cortexa9_0' is selected.
20:49:37 INFO  : 'con' command is executed.
20:49:37 INFO  : ----------------XSDB Script (After Launch)----------------
targets -set -nocase -filter {name =~ "ARM*#0" && jtag_cable_name =~ "Digilent JTAG-HS1 210512180081"} -index 0
con
----------------End of Script----------------

20:49:37 INFO  : Launch script is exported to file 'D:\TH\2026au\FPGA\DPU_new\DPU_new.sdk\.sdk\launch_scripts\performance_analysis\performance_analysis_using_debug_ps_dpu.elf_on_local.tcl'
20:49:37 INFO  : Closing '1' event editor(s) opened on performance analysis data from previous run(s).
20:49:37 INFO  : Performance data for 'PS' will be exported to the file 'D:\TH\2026au\FPGA\DPU_new\DPU_new.sdk\ps_dpu_wrapper_hw_platform_0_Traces\Traces\Run_一月-21_20-49\PS_Trace_一月-21_20-49\trace'
20:49:38 INFO  : Added tracing folder 'D:\TH\2026au\FPGA\DPU_new\DPU_new.sdk\ps_dpu_wrapper_hw_platform_0_Traces\Traces\Run_一月-21_20-49\PS_Trace_一月-21_20-49' into  'ps_dpu_wrapper_hw_platform_0_Traces'
20:49:38 INFO  : Attempting to open tracing file 'PS_Trace_一月-21_20-49'
20:49:53 INFO  : Performance data for 'PS' has been exported to the file 'D:\TH\2026au\FPGA\DPU_new\DPU_new.sdk\ps_dpu_wrapper_hw_platform_0_Traces\Traces\Run_一月-21_20-49\PS_Trace_一月-21_20-49\trace'
20:49:53 INFO  : Disconnected from the channel tcfchan#12.
20:49:54 INFO  : Connected to target on host '127.0.0.1' and port '3121'.
20:49:54 INFO  : Jtag cable 'Digilent JTAG-HS1 210512180081' is selected.
20:49:54 INFO  : 'jtag frequency' command is executed.
20:49:54 INFO  : Sourcing of 'D:/TH/2026au/FPGA/DPU_new/DPU_new.sdk/ps_dpu_wrapper_hw_platform_0/ps7_init.tcl' is done.
20:49:54 INFO  : Context for 'APU' is selected.
20:49:54 INFO  : System reset is completed.
20:49:57 INFO  : 'after 3000' command is executed.
20:49:57 INFO  : 'targets -set -filter {jtag_cable_name =~ "Digilent JTAG-HS1 210512180081" && level==0} -index 1' command is executed.
20:50:08 INFO  : FPGA configured successfully with bitstream "D:/TH/2026au/FPGA/DPU_new/DPU_new.sdk/ps_dpu_wrapper_hw_platform_0/ps_dpu_wrapper.bit"
20:50:08 INFO  : Context for 'APU' is selected.
20:50:08 INFO  : Hardware design information is loaded from 'D:/TH/2026au/FPGA/DPU_new/DPU_new.sdk/ps_dpu_wrapper_hw_platform_0/system.hdf'.
20:50:08 INFO  : 'configparams force-mem-access 1' command is executed.
20:50:09 INFO  : Context for 'APU' is selected.
20:50:09 INFO  : 'ps7_init' command is executed.
20:50:09 INFO  : 'ps7_post_config' command is executed.
20:50:09 INFO  : Context for processor 'ps7_cortexa9_0' is selected.
20:50:09 INFO  : The application 'D:/TH/2026au/FPGA/DPU_new/DPU_new.sdk/ps_dpu/Debug/ps_dpu.elf' is downloaded to processor 'ps7_cortexa9_0'.
20:50:09 INFO  : 'configparams force-mem-access 0' command is executed.
20:50:09 INFO  : ----------------XSDB Script----------------
connect -url tcp:127.0.0.1:3121
source D:/TH/2026au/FPGA/DPU_new/DPU_new.sdk/ps_dpu_wrapper_hw_platform_0/ps7_init.tcl
targets -set -nocase -filter {name =~"APU*" && jtag_cable_name =~ "Digilent JTAG-HS1 210512180081"} -index 0
rst -system
after 3000
targets -set -filter {jtag_cable_name =~ "Digilent JTAG-HS1 210512180081" && level==0} -index 1
fpga -file D:/TH/2026au/FPGA/DPU_new/DPU_new.sdk/ps_dpu_wrapper_hw_platform_0/ps_dpu_wrapper.bit
targets -set -nocase -filter {name =~"APU*" && jtag_cable_name =~ "Digilent JTAG-HS1 210512180081"} -index 0
loadhw -hw D:/TH/2026au/FPGA/DPU_new/DPU_new.sdk/ps_dpu_wrapper_hw_platform_0/system.hdf -mem-ranges [list {0x40000000 0xbfffffff}]
configparams force-mem-access 1
targets -set -nocase -filter {name =~"APU*" && jtag_cable_name =~ "Digilent JTAG-HS1 210512180081"} -index 0
ps7_init
ps7_post_config
targets -set -nocase -filter {name =~ "ARM*#0" && jtag_cable_name =~ "Digilent JTAG-HS1 210512180081"} -index 0
dow D:/TH/2026au/FPGA/DPU_new/DPU_new.sdk/ps_dpu/Debug/ps_dpu.elf
configparams force-mem-access 0
----------------End of Script----------------

20:50:09 INFO  : Memory regions updated for context APU
20:50:09 INFO  : Context for processor 'ps7_cortexa9_0' is selected.
20:50:09 INFO  : 'con' command is executed.
20:50:09 INFO  : ----------------XSDB Script (After Launch)----------------
targets -set -nocase -filter {name =~ "ARM*#0" && jtag_cable_name =~ "Digilent JTAG-HS1 210512180081"} -index 0
con
----------------End of Script----------------

20:50:09 INFO  : Launch script is exported to file 'D:\TH\2026au\FPGA\DPU_new\DPU_new.sdk\.sdk\launch_scripts\performance_analysis\performance_analysis_using_debug_ps_dpu.elf_on_local.tcl'
20:50:10 INFO  : Closing '1' event editor(s) opened on performance analysis data from previous run(s).
20:50:10 INFO  : Performance data for 'PS' will be exported to the file 'D:\TH\2026au\FPGA\DPU_new\DPU_new.sdk\ps_dpu_wrapper_hw_platform_0_Traces\Traces\Run_一月-21_20-50\PS_Trace_一月-21_20-50\trace'
20:50:10 INFO  : Added tracing folder 'D:\TH\2026au\FPGA\DPU_new\DPU_new.sdk\ps_dpu_wrapper_hw_platform_0_Traces\Traces\Run_一月-21_20-50\PS_Trace_一月-21_20-50' into  'ps_dpu_wrapper_hw_platform_0_Traces'
20:50:10 INFO  : Attempting to open tracing file 'PS_Trace_一月-21_20-50'
20:51:11 INFO  : Performance data for 'PS' has been exported to the file 'D:\TH\2026au\FPGA\DPU_new\DPU_new.sdk\ps_dpu_wrapper_hw_platform_0_Traces\Traces\Run_一月-21_20-50\PS_Trace_一月-21_20-50\trace'
20:51:11 INFO  : Disconnected from the channel tcfchan#13.
20:51:11 ERROR : Unexpected error while parsing XMD response ?: com.google.gson.JsonSyntaxException: com.google.gson.stream.MalformedJsonException: invalid number or unquoted string near 
