
*** Running vivado
    with args -log ps_dpu_wrapper.vdi -applog -m64 -product Vivado -messageDb vivado.pb -mode batch -source ps_dpu_wrapper.tcl -notrace


****** Vivado v2017.4 (64-bit)
  **** SW Build 2086221 on Fri Dec 15 20:55:39 MST 2017
  **** IP Build 2085800 on Fri Dec 15 22:25:07 MST 2017
    ** Copyright 1986-2017 Xilinx, Inc. All Rights Reserved.

source ps_dpu_wrapper.tcl -notrace
INFO: [IP_Flow 19-234] Refreshing IP repositories
INFO: [IP_Flow 19-1704] No user IP repositories specified
INFO: [IP_Flow 19-2313] Loaded Vivado IP repository 'C:/Xilinx/Vivado/2017.4/data/ip'.
Command: link_design -top ps_dpu_wrapper -part xc7z035ffg676-2
Design is defaulting to srcset: sources_1
Design is defaulting to constrset: constrs_1
INFO: [Project 1-454] Reading design checkpoint 'd:/TH/2026au/FPGA/DPU_new/DPU_new.srcs/sources_1/bd/ps_dpu/ip/ps_dpu_axi_bram_ctrl_0_1/ps_dpu_axi_bram_ctrl_0_1.dcp' for cell 'ps_dpu_i/axi_bram_ctrl_0'
INFO: [Project 1-454] Reading design checkpoint 'd:/TH/2026au/FPGA/DPU_new/DPU_new.srcs/sources_1/bd/ps_dpu/ip/ps_dpu_axi_bram_ctrl_1_1/ps_dpu_axi_bram_ctrl_1_1.dcp' for cell 'ps_dpu_i/axi_bram_ctrl_1'
INFO: [Project 1-454] Reading design checkpoint 'd:/TH/2026au/FPGA/DPU_new/DPU_new.srcs/sources_1/bd/ps_dpu/ip/ps_dpu_axi_gpio_0_2/ps_dpu_axi_gpio_0_2.dcp' for cell 'ps_dpu_i/axi_gpio_0'
INFO: [Project 1-454] Reading design checkpoint 'd:/TH/2026au/FPGA/DPU_new/DPU_new.srcs/sources_1/bd/ps_dpu/ip/ps_dpu_processing_system7_0_0/ps_dpu_processing_system7_0_0.dcp' for cell 'ps_dpu_i/processing_system7_0'
INFO: [Project 1-454] Reading design checkpoint 'd:/TH/2026au/FPGA/DPU_new/DPU_new.srcs/sources_1/bd/ps_dpu/ip/ps_dpu_rst_ps7_0_100M_0/ps_dpu_rst_ps7_0_100M_0.dcp' for cell 'ps_dpu_i/rst_ps7_0_100M'
INFO: [Project 1-454] Reading design checkpoint 'd:/TH/2026au/FPGA/DPU_new/DPU_new.srcs/sources_1/bd/ps_dpu/ip/ps_dpu_top_wrapper_0_0/ps_dpu_top_wrapper_0_0.dcp' for cell 'ps_dpu_i/top_wrapper_0'
INFO: [Project 1-454] Reading design checkpoint 'd:/TH/2026au/FPGA/DPU_new/DPU_new.srcs/sources_1/bd/ps_dpu/ip/ps_dpu_xbar_0/ps_dpu_xbar_0.dcp' for cell 'ps_dpu_i/ps7_0_axi_periph/xbar'
INFO: [Project 1-454] Reading design checkpoint 'd:/TH/2026au/FPGA/DPU_new/DPU_new.srcs/sources_1/bd/ps_dpu/ip/ps_dpu_auto_ds_0/ps_dpu_auto_ds_0.dcp' for cell 'ps_dpu_i/ps7_0_axi_periph/m00_couplers/auto_ds'
INFO: [Project 1-454] Reading design checkpoint 'd:/TH/2026au/FPGA/DPU_new/DPU_new.srcs/sources_1/bd/ps_dpu/ip/ps_dpu_auto_pc_0/ps_dpu_auto_pc_0.dcp' for cell 'ps_dpu_i/ps7_0_axi_periph/m00_couplers/auto_pc'
INFO: [Project 1-454] Reading design checkpoint 'd:/TH/2026au/FPGA/DPU_new/DPU_new.srcs/sources_1/bd/ps_dpu/ip/ps_dpu_auto_pc_1/ps_dpu_auto_pc_1.dcp' for cell 'ps_dpu_i/ps7_0_axi_periph/s00_couplers/auto_pc'
INFO: [Project 1-454] Reading design checkpoint 'd:/TH/2026au/FPGA/DPU_new/DPU_new.srcs/sources_1/bd/ps_dpu/ip/ps_dpu_auto_us_0/ps_dpu_auto_us_0.dcp' for cell 'ps_dpu_i/ps7_0_axi_periph/s00_couplers/auto_us'
INFO: [Netlist 29-17] Analyzing 1501 Unisim elements for replacement
INFO: [Netlist 29-28] Unisim Transformation completed in 0 CPU seconds
INFO: [Project 1-479] Netlist was created with Vivado 2017.4
INFO: [Device 21-403] Loading part xc7z035ffg676-2
INFO: [Project 1-570] Preparing netlist for logic optimization
Parsing XDC File [d:/TH/2026au/FPGA/DPU_new/DPU_new.srcs/sources_1/bd/ps_dpu/ip/ps_dpu_processing_system7_0_0/ps_dpu_processing_system7_0_0.xdc] for cell 'ps_dpu_i/processing_system7_0/inst'
Finished Parsing XDC File [d:/TH/2026au/FPGA/DPU_new/DPU_new.srcs/sources_1/bd/ps_dpu/ip/ps_dpu_processing_system7_0_0/ps_dpu_processing_system7_0_0.xdc] for cell 'ps_dpu_i/processing_system7_0/inst'
Parsing XDC File [d:/TH/2026au/FPGA/DPU_new/DPU_new.srcs/sources_1/bd/ps_dpu/ip/ps_dpu_rst_ps7_0_100M_0/ps_dpu_rst_ps7_0_100M_0_board.xdc] for cell 'ps_dpu_i/rst_ps7_0_100M/U0'
Finished Parsing XDC File [d:/TH/2026au/FPGA/DPU_new/DPU_new.srcs/sources_1/bd/ps_dpu/ip/ps_dpu_rst_ps7_0_100M_0/ps_dpu_rst_ps7_0_100M_0_board.xdc] for cell 'ps_dpu_i/rst_ps7_0_100M/U0'
Parsing XDC File [d:/TH/2026au/FPGA/DPU_new/DPU_new.srcs/sources_1/bd/ps_dpu/ip/ps_dpu_rst_ps7_0_100M_0/ps_dpu_rst_ps7_0_100M_0.xdc] for cell 'ps_dpu_i/rst_ps7_0_100M/U0'
Finished Parsing XDC File [d:/TH/2026au/FPGA/DPU_new/DPU_new.srcs/sources_1/bd/ps_dpu/ip/ps_dpu_rst_ps7_0_100M_0/ps_dpu_rst_ps7_0_100M_0.xdc] for cell 'ps_dpu_i/rst_ps7_0_100M/U0'
Parsing XDC File [d:/TH/2026au/FPGA/DPU_new/DPU_new.srcs/sources_1/bd/ps_dpu/ip/ps_dpu_axi_gpio_0_2/ps_dpu_axi_gpio_0_2_board.xdc] for cell 'ps_dpu_i/axi_gpio_0/U0'
Finished Parsing XDC File [d:/TH/2026au/FPGA/DPU_new/DPU_new.srcs/sources_1/bd/ps_dpu/ip/ps_dpu_axi_gpio_0_2/ps_dpu_axi_gpio_0_2_board.xdc] for cell 'ps_dpu_i/axi_gpio_0/U0'
Parsing XDC File [d:/TH/2026au/FPGA/DPU_new/DPU_new.srcs/sources_1/bd/ps_dpu/ip/ps_dpu_axi_gpio_0_2/ps_dpu_axi_gpio_0_2.xdc] for cell 'ps_dpu_i/axi_gpio_0/U0'
Finished Parsing XDC File [d:/TH/2026au/FPGA/DPU_new/DPU_new.srcs/sources_1/bd/ps_dpu/ip/ps_dpu_axi_gpio_0_2/ps_dpu_axi_gpio_0_2.xdc] for cell 'ps_dpu_i/axi_gpio_0/U0'
INFO: [Project 1-538] Using original IP XDC constraints instead of the XDC constraints in dcp 'd:/TH/2026au/FPGA/DPU_new/DPU_new.srcs/sources_1/bd/ps_dpu/ip/ps_dpu_auto_ds_0/ps_dpu_auto_ds_0.dcp'
Parsing XDC File [d:/TH/2026au/FPGA/DPU_new/DPU_new.srcs/sources_1/bd/ps_dpu/ip/ps_dpu_auto_ds_0/ps_dpu_auto_ds_0_clocks.xdc] for cell 'ps_dpu_i/ps7_0_axi_periph/m00_couplers/auto_ds/inst'
Finished Parsing XDC File [d:/TH/2026au/FPGA/DPU_new/DPU_new.srcs/sources_1/bd/ps_dpu/ip/ps_dpu_auto_ds_0/ps_dpu_auto_ds_0_clocks.xdc] for cell 'ps_dpu_i/ps7_0_axi_periph/m00_couplers/auto_ds/inst'
Parsing XDC File [d:/TH/2026au/FPGA/DPU_new/DPU_new.srcs/sources_1/bd/ps_dpu/ip/ps_dpu_auto_us_0/ps_dpu_auto_us_0_clocks.xdc] for cell 'ps_dpu_i/ps7_0_axi_periph/s00_couplers/auto_us/inst'
Finished Parsing XDC File [d:/TH/2026au/FPGA/DPU_new/DPU_new.srcs/sources_1/bd/ps_dpu/ip/ps_dpu_auto_us_0/ps_dpu_auto_us_0_clocks.xdc] for cell 'ps_dpu_i/ps7_0_axi_periph/s00_couplers/auto_us/inst'
Sourcing Tcl File [C:/Xilinx/Vivado/2017.4/data/ip/xpm/xpm_cdc/tcl/xpm_cdc_async_rst.tcl] for cell 'ps_dpu_i/ps7_0_axi_periph/m00_couplers/auto_ds/inst/gen_downsizer.gen_simple_downsizer.axi_downsizer_inst/USE_READ.read_addr_inst/cmd_queue/inst/fifo_gen_inst/inst_fifo_gen/gconvfifo.rf/grf.rf/rstblk/ngwrdrst.grst.g7serrst.gnsckt_wrst.rst_wr_reg2_inst'
INFO: [Timing 38-35] Done setting XDC timing constraints. [C:/Xilinx/Vivado/2017.4/data/ip/xpm/xpm_cdc/tcl/xpm_cdc_async_rst.tcl:2]
all_registers: Time (s): cpu = 00:00:05 ; elapsed = 00:00:06 . Memory (MB): peak = 1401.816 ; gain = 593.387
Finished Sourcing Tcl File [C:/Xilinx/Vivado/2017.4/data/ip/xpm/xpm_cdc/tcl/xpm_cdc_async_rst.tcl] for cell 'ps_dpu_i/ps7_0_axi_periph/m00_couplers/auto_ds/inst/gen_downsizer.gen_simple_downsizer.axi_downsizer_inst/USE_READ.read_addr_inst/cmd_queue/inst/fifo_gen_inst/inst_fifo_gen/gconvfifo.rf/grf.rf/rstblk/ngwrdrst.grst.g7serrst.gnsckt_wrst.rst_wr_reg2_inst'
Sourcing Tcl File [C:/Xilinx/Vivado/2017.4/data/ip/xpm/xpm_cdc/tcl/xpm_cdc_async_rst.tcl] for cell 'ps_dpu_i/ps7_0_axi_periph/m00_couplers/auto_ds/inst/gen_downsizer.gen_simple_downsizer.axi_downsizer_inst/USE_WRITE.write_addr_inst/USE_B_CHANNEL.cmd_b_queue/inst/fifo_gen_inst/inst_fifo_gen/gconvfifo.rf/grf.rf/rstblk/ngwrdrst.grst.g7serrst.gnsckt_wrst.rst_wr_reg2_inst'
Finished Sourcing Tcl File [C:/Xilinx/Vivado/2017.4/data/ip/xpm/xpm_cdc/tcl/xpm_cdc_async_rst.tcl] for cell 'ps_dpu_i/ps7_0_axi_periph/m00_couplers/auto_ds/inst/gen_downsizer.gen_simple_downsizer.axi_downsizer_inst/USE_WRITE.write_addr_inst/USE_B_CHANNEL.cmd_b_queue/inst/fifo_gen_inst/inst_fifo_gen/gconvfifo.rf/grf.rf/rstblk/ngwrdrst.grst.g7serrst.gnsckt_wrst.rst_wr_reg2_inst'
Sourcing Tcl File [C:/Xilinx/Vivado/2017.4/data/ip/xpm/xpm_cdc/tcl/xpm_cdc_async_rst.tcl] for cell 'ps_dpu_i/ps7_0_axi_periph/m00_couplers/auto_ds/inst/gen_downsizer.gen_simple_downsizer.axi_downsizer_inst/USE_WRITE.write_addr_inst/cmd_queue/inst/fifo_gen_inst/inst_fifo_gen/gconvfifo.rf/grf.rf/rstblk/ngwrdrst.grst.g7serrst.gnsckt_wrst.rst_wr_reg2_inst'
Finished Sourcing Tcl File [C:/Xilinx/Vivado/2017.4/data/ip/xpm/xpm_cdc/tcl/xpm_cdc_async_rst.tcl] for cell 'ps_dpu_i/ps7_0_axi_periph/m00_couplers/auto_ds/inst/gen_downsizer.gen_simple_downsizer.axi_downsizer_inst/USE_WRITE.write_addr_inst/cmd_queue/inst/fifo_gen_inst/inst_fifo_gen/gconvfifo.rf/grf.rf/rstblk/ngwrdrst.grst.g7serrst.gnsckt_wrst.rst_wr_reg2_inst'
INFO: [Opt 31-138] Pushed 0 inverter(s) to 0 load pin(s).
INFO: [Project 1-111] Unisim Transformation Summary:
  A total of 12 instances were transformed.
  RAM32M => RAM32M (RAMD32, RAMD32, RAMD32, RAMD32, RAMD32, RAMD32, RAMS32, RAMS32): 12 instances

23 Infos, 0 Warnings, 0 Critical Warnings and 0 Errors encountered.
link_design completed successfully
link_design: Time (s): cpu = 00:00:12 ; elapsed = 00:00:19 . Memory (MB): peak = 1401.891 ; gain = 1081.156
Command: opt_design
Attempting to get a license for feature 'Implementation' and/or device 'xc7z035'
INFO: [Common 17-349] Got license for feature 'Implementation' and/or device 'xc7z035'
Running DRC as a precondition to command opt_design

Starting DRC Task
INFO: [DRC 23-27] Running DRC with 2 threads
INFO: [Project 1-461] DRC finished with 0 Errors
INFO: [Project 1-462] Please refer to the DRC report (report_drc) for more information.

Time (s): cpu = 00:00:00 ; elapsed = 00:00:00.362 . Memory (MB): peak = 1401.891 ; gain = 0.000
INFO: [Timing 38-35] Done setting XDC timing constraints.

Starting Logic Optimization Task

Phase 1 Retarget
INFO: [Opt 31-138] Pushed 0 inverter(s) to 0 load pin(s).
INFO: [Opt 31-49] Retargeted 0 cell(s).
Phase 1 Retarget | Checksum: 1ef307994

Time (s): cpu = 00:00:01 ; elapsed = 00:00:00.620 . Memory (MB): peak = 1418.824 ; gain = 0.000
INFO: [Opt 31-389] Phase Retarget created 18 cells and removed 56 cells

Phase 2 Constant propagation
INFO: [Opt 31-138] Pushed 2 inverter(s) to 6 load pin(s).
Phase 2 Constant propagation | Checksum: 2165bb1a5

Time (s): cpu = 00:00:01 ; elapsed = 00:00:00.870 . Memory (MB): peak = 1418.824 ; gain = 0.000
INFO: [Opt 31-389] Phase Constant propagation created 189 cells and removed 405 cells

Phase 3 Sweep
Phase 3 Sweep | Checksum: 243313a88

Time (s): cpu = 00:00:01 ; elapsed = 00:00:01 . Memory (MB): peak = 1418.824 ; gain = 0.000
INFO: [Opt 31-389] Phase Sweep created 0 cells and removed 634 cells

Phase 4 BUFG optimization
Phase 4 BUFG optimization | Checksum: 243313a88

Time (s): cpu = 00:00:01 ; elapsed = 00:00:02 . Memory (MB): peak = 1418.824 ; gain = 0.000
INFO: [Opt 31-389] Phase BUFG optimization created 0 cells and removed 0 cells

Phase 5 Shift Register Optimization
Phase 5 Shift Register Optimization | Checksum: 243313a88

Time (s): cpu = 00:00:02 ; elapsed = 00:00:02 . Memory (MB): peak = 1418.824 ; gain = 0.000
INFO: [Opt 31-389] Phase Shift Register Optimization created 0 cells and removed 0 cells

Starting Connectivity Check Task

Time (s): cpu = 00:00:00 ; elapsed = 00:00:00.021 . Memory (MB): peak = 1418.824 ; gain = 0.000
Ending Logic Optimization Task | Checksum: 21bc9058c

Time (s): cpu = 00:00:02 ; elapsed = 00:00:02 . Memory (MB): peak = 1418.824 ; gain = 0.000

Starting Power Optimization Task
INFO: [Pwropt 34-132] Skipping clock gating for clocks with a period < 2.00 ns.
INFO: [Timing 38-35] Done setting XDC timing constraints.
INFO: [Physopt 32-619] Estimated Timing Summary | WNS=3.456 | TNS=0.000 |
INFO: [Pwropt 34-9] Applying IDT optimizations ...
INFO: [Pwropt 34-10] Applying ODC optimizations ...
Running Vector-less Activity Propagation...

Finished Running Vector-less Activity Propagation


Starting PowerOpt Patch Enables Task
INFO: [Pwropt 34-162] WRITE_MODE attribute of 0 BRAM(s) out of a total of 64 has been updated to save power. Run report_power_opt to get a complete listing of the BRAMs updated.
INFO: [Pwropt 34-201] Structural ODC has moved 18 WE to EN ports
Number of BRAM Ports augmented: 0 newly gated: 34 Total Ports: 128
Ending PowerOpt Patch Enables Task | Checksum: f5c61e05

Time (s): cpu = 00:00:00 ; elapsed = 00:00:00.149 . Memory (MB): peak = 1748.117 ; gain = 0.000
Ending Power Optimization Task | Checksum: f5c61e05

Time (s): cpu = 00:00:09 ; elapsed = 00:00:05 . Memory (MB): peak = 1748.117 ; gain = 329.293

Starting Logic Optimization Task
INFO: [Timing 38-35] Done setting XDC timing constraints.

Phase 1 Remap
Phase 1 Remap | Checksum: 1368637db

Time (s): cpu = 00:00:01 ; elapsed = 00:00:00.684 . Memory (MB): peak = 1748.117 ; gain = 0.000
INFO: [Opt 31-389] Phase Remap created 16 cells and removed 32 cells
Ending Logic Optimization Task | Checksum: 1368637db

Time (s): cpu = 00:00:01 ; elapsed = 00:00:00.709 . Memory (MB): peak = 1748.117 ; gain = 0.000
INFO: [Common 17-83] Releasing license: Implementation
46 Infos, 0 Warnings, 0 Critical Warnings and 0 Errors encountered.
opt_design completed successfully
opt_design: Time (s): cpu = 00:00:13 ; elapsed = 00:00:09 . Memory (MB): peak = 1748.117 ; gain = 346.227
Writing placer database...
Writing XDEF routing.
Writing XDEF routing logical nets.
Writing XDEF routing special nets.
Write XDEF Complete: Time (s): cpu = 00:00:00 ; elapsed = 00:00:00.029 . Memory (MB): peak = 1748.117 ; gain = 0.000
INFO: [Common 17-1381] The checkpoint 'D:/TH/2026au/FPGA/DPU_new/DPU_new.runs/impl_1/ps_dpu_wrapper_opt.dcp' has been generated.
INFO: [runtcl-4] Executing : report_drc -file ps_dpu_wrapper_drc_opted.rpt -pb ps_dpu_wrapper_drc_opted.pb -rpx ps_dpu_wrapper_drc_opted.rpx
Command: report_drc -file ps_dpu_wrapper_drc_opted.rpt -pb ps_dpu_wrapper_drc_opted.pb -rpx ps_dpu_wrapper_drc_opted.rpx
INFO: [IP_Flow 19-1839] IP Catalog is up to date.
INFO: [DRC 23-27] Running DRC with 2 threads
INFO: [Coretcl 2-168] The results of DRC are in file D:/TH/2026au/FPGA/DPU_new/DPU_new.runs/impl_1/ps_dpu_wrapper_drc_opted.rpt.
report_drc completed successfully
INFO: [Chipscope 16-241] No debug cores found in the current design.
Before running the implement_debug_core command, either use the Set Up Debug wizard (GUI mode)
or use the create_debug_core and connect_debug_core Tcl commands to insert debug cores into the design.
Command: place_design
Attempting to get a license for feature 'Implementation' and/or device 'xc7z035'
INFO: [Common 17-349] Got license for feature 'Implementation' and/or device 'xc7z035'
INFO: [DRC 23-27] Running DRC with 2 threads
INFO: [Vivado_Tcl 4-198] DRC finished with 0 Errors
INFO: [Vivado_Tcl 4-199] Please refer to the DRC report (report_drc) for more information.
Running DRC as a precondition to command place_design
INFO: [DRC 23-27] Running DRC with 2 threads
INFO: [Vivado_Tcl 4-198] DRC finished with 0 Errors
INFO: [Vivado_Tcl 4-199] Please refer to the DRC report (report_drc) for more information.

Starting Placer Task
INFO: [Place 30-611] Multithreading enabled for place_design using a maximum of 2 CPUs

Phase 1 Placer Initialization

Phase 1.1 Placer Initialization Netlist Sorting
Netlist sorting complete. Time (s): cpu = 00:00:00 ; elapsed = 00:00:00.012 . Memory (MB): peak = 1748.117 ; gain = 0.000
Phase 1.1 Placer Initialization Netlist Sorting | Checksum: 1757179d4

Time (s): cpu = 00:00:00 ; elapsed = 00:00:00.019 . Memory (MB): peak = 1748.117 ; gain = 0.000
INFO: [Timing 38-35] Done setting XDC timing constraints.
INFO: [Opt 31-138] Pushed 0 inverter(s) to 0 load pin(s).
Netlist sorting complete. Time (s): cpu = 00:00:00 ; elapsed = 00:00:00.011 . Memory (MB): peak = 1748.117 ; gain = 0.000

Phase 1.2 IO Placement/ Clock Placement/ Build Placer Device
INFO: [Timing 38-35] Done setting XDC timing constraints.
Phase 1.2 IO Placement/ Clock Placement/ Build Placer Device | Checksum: df97968a

Time (s): cpu = 00:00:03 ; elapsed = 00:00:03 . Memory (MB): peak = 1748.117 ; gain = 0.000

Phase 1.3 Build Placer Netlist Model
Phase 1.3 Build Placer Netlist Model | Checksum: 1a6117d75

Time (s): cpu = 00:00:05 ; elapsed = 00:00:04 . Memory (MB): peak = 1748.117 ; gain = 0.000

Phase 1.4 Constrain Clocks/Macros
Phase 1.4 Constrain Clocks/Macros | Checksum: 1a6117d75

Time (s): cpu = 00:00:05 ; elapsed = 00:00:04 . Memory (MB): peak = 1748.117 ; gain = 0.000
Phase 1 Placer Initialization | Checksum: 1a6117d75

Time (s): cpu = 00:00:05 ; elapsed = 00:00:04 . Memory (MB): peak = 1748.117 ; gain = 0.000

Phase 2 Global Placement
Phase 2 Global Placement | Checksum: 21acb9527

Time (s): cpu = 00:00:14 ; elapsed = 00:00:10 . Memory (MB): peak = 1748.117 ; gain = 0.000

Phase 3 Detail Placement

Phase 3.1 Commit Multi Column Macros
Phase 3.1 Commit Multi Column Macros | Checksum: 21acb9527

Time (s): cpu = 00:00:14 ; elapsed = 00:00:10 . Memory (MB): peak = 1748.117 ; gain = 0.000

Phase 3.2 Commit Most Macros & LUTRAMs
Phase 3.2 Commit Most Macros & LUTRAMs | Checksum: 10db5165c

Time (s): cpu = 00:00:17 ; elapsed = 00:00:11 . Memory (MB): peak = 1748.117 ; gain = 0.000

Phase 3.3 Area Swap Optimization
Phase 3.3 Area Swap Optimization | Checksum: 17970b1c6

Time (s): cpu = 00:00:17 ; elapsed = 00:00:12 . Memory (MB): peak = 1748.117 ; gain = 0.000

Phase 3.4 Pipeline Register Optimization
Phase 3.4 Pipeline Register Optimization | Checksum: 1744566c8

Time (s): cpu = 00:00:17 ; elapsed = 00:00:12 . Memory (MB): peak = 1748.117 ; gain = 0.000

Phase 3.5 Small Shape Detail Placement
Phase 3.5 Small Shape Detail Placement | Checksum: 1ba14203e

Time (s): cpu = 00:00:19 ; elapsed = 00:00:14 . Memory (MB): peak = 1748.117 ; gain = 0.000

Phase 3.6 Re-assign LUT pins
Phase 3.6 Re-assign LUT pins | Checksum: 22d0f7f07

Time (s): cpu = 00:00:19 ; elapsed = 00:00:14 . Memory (MB): peak = 1748.117 ; gain = 0.000

Phase 3.7 Pipeline Register Optimization
Phase 3.7 Pipeline Register Optimization | Checksum: 22d0f7f07

Time (s): cpu = 00:00:19 ; elapsed = 00:00:14 . Memory (MB): peak = 1748.117 ; gain = 0.000
Phase 3 Detail Placement | Checksum: 22d0f7f07

Time (s): cpu = 00:00:19 ; elapsed = 00:00:14 . Memory (MB): peak = 1748.117 ; gain = 0.000

Phase 4 Post Placement Optimization and Clean-Up

Phase 4.1 Post Commit Optimization
INFO: [Timing 38-35] Done setting XDC timing constraints.

Phase 4.1.1 Post Placement Optimization
Post Placement Optimization Initialization | Checksum: 199e3c5d6

Phase 4.1.1.1 BUFG Insertion
INFO: [Physopt 32-721] Multithreading enabled for phys_opt_design using a maximum of 2 CPUs
INFO: [Place 46-33] Processed net ps_dpu_i/top_wrapper_0/inst/u_dpu_top/u_agu/agu_valid_in, BUFG insertion was skipped due to placement/routing conflicts.
INFO: [Place 46-33] Processed net ps_dpu_i/top_wrapper_0/inst/u_dpu_top/u_agu/gen_row[7].gen_col[7].psum_reg[7][7][0], BUFG insertion was skipped due to placement/routing conflicts.
INFO: [Place 46-33] Processed net ps_dpu_i/top_wrapper_0/inst/u_dpu_top/u_drainer/SR[0], BUFG insertion was skipped due to placement/routing conflicts.
INFO: [Place 46-31] BUFG insertion identified 3 candidate nets, 0 success, 3 skipped for placement/routing, 0 skipped for timing, 0 skipped for netlist change reason.
Phase 4.1.1.1 BUFG Insertion | Checksum: 199e3c5d6

Time (s): cpu = 00:00:22 ; elapsed = 00:00:16 . Memory (MB): peak = 1748.117 ; gain = 0.000
INFO: [Place 30-746] Post Placement Timing Summary WNS=0.888. For the most accurate timing information please run report_timing.
Phase 4.1.1 Post Placement Optimization | Checksum: 1a47a8d02

Time (s): cpu = 00:00:22 ; elapsed = 00:00:16 . Memory (MB): peak = 1748.117 ; gain = 0.000
Phase 4.1 Post Commit Optimization | Checksum: 1a47a8d02

Time (s): cpu = 00:00:22 ; elapsed = 00:00:16 . Memory (MB): peak = 1748.117 ; gain = 0.000

Phase 4.2 Post Placement Cleanup
Phase 4.2 Post Placement Cleanup | Checksum: 1a47a8d02

Time (s): cpu = 00:00:22 ; elapsed = 00:00:16 . Memory (MB): peak = 1748.117 ; gain = 0.000

Phase 4.3 Placer Reporting
Phase 4.3 Placer Reporting | Checksum: 1a47a8d02

Time (s): cpu = 00:00:22 ; elapsed = 00:00:16 . Memory (MB): peak = 1748.117 ; gain = 0.000

Phase 4.4 Final Placement Cleanup
Phase 4.4 Final Placement Cleanup | Checksum: 12306be9e

Time (s): cpu = 00:00:22 ; elapsed = 00:00:16 . Memory (MB): peak = 1748.117 ; gain = 0.000
Phase 4 Post Placement Optimization and Clean-Up | Checksum: 12306be9e

Time (s): cpu = 00:00:22 ; elapsed = 00:00:16 . Memory (MB): peak = 1748.117 ; gain = 0.000
Ending Placer Task | Checksum: e4376182

Time (s): cpu = 00:00:22 ; elapsed = 00:00:16 . Memory (MB): peak = 1748.117 ; gain = 0.000
INFO: [Common 17-83] Releasing license: Implementation
71 Infos, 0 Warnings, 0 Critical Warnings and 0 Errors encountered.
place_design completed successfully
place_design: Time (s): cpu = 00:00:23 ; elapsed = 00:00:17 . Memory (MB): peak = 1748.117 ; gain = 0.000
Writing placer database...
Writing XDEF routing.
Writing XDEF routing logical nets.
Writing XDEF routing special nets.
Write XDEF Complete: Time (s): cpu = 00:00:01 ; elapsed = 00:00:00.598 . Memory (MB): peak = 1748.117 ; gain = 0.000
INFO: [Common 17-1381] The checkpoint 'D:/TH/2026au/FPGA/DPU_new/DPU_new.runs/impl_1/ps_dpu_wrapper_placed.dcp' has been generated.
INFO: [runtcl-4] Executing : report_io -file ps_dpu_wrapper_io_placed.rpt
report_io: Time (s): cpu = 00:00:00 ; elapsed = 00:00:00.040 . Memory (MB): peak = 1748.117 ; gain = 0.000
INFO: [runtcl-4] Executing : report_utilization -file ps_dpu_wrapper_utilization_placed.rpt -pb ps_dpu_wrapper_utilization_placed.pb
report_utilization: Time (s): cpu = 00:00:00 ; elapsed = 00:00:00.098 . Memory (MB): peak = 1748.117 ; gain = 0.000
INFO: [runtcl-4] Executing : report_control_sets -verbose -file ps_dpu_wrapper_control_sets_placed.rpt
report_control_sets: Time (s): cpu = 00:00:00 ; elapsed = 00:00:00.012 . Memory (MB): peak = 1748.117 ; gain = 0.000
Command: route_design
Attempting to get a license for feature 'Implementation' and/or device 'xc7z035'
INFO: [Common 17-349] Got license for feature 'Implementation' and/or device 'xc7z035'
Running DRC as a precondition to command route_design
INFO: [DRC 23-27] Running DRC with 2 threads
INFO: [Vivado_Tcl 4-198] DRC finished with 0 Errors
INFO: [Vivado_Tcl 4-199] Please refer to the DRC report (report_drc) for more information.


Starting Routing Task
INFO: [Route 35-254] Multithreading enabled for route_design using a maximum of 2 CPUs
Checksum: PlaceDB: bdabdbea ConstDB: 0 ShapeSum: 268b8598 RouteDB: 0

Phase 1 Build RT Design
Phase 1 Build RT Design | Checksum: 1a7716a81

Time (s): cpu = 00:00:48 ; elapsed = 00:00:42 . Memory (MB): peak = 1832.758 ; gain = 84.641
Post Restoration Checksum: NetGraph: f148414f NumContArr: b6292932 Constraints: 0 Timing: 0

Phase 2 Router Initialization

Phase 2.1 Create Timer
Phase 2.1 Create Timer | Checksum: 1a7716a81

Time (s): cpu = 00:00:48 ; elapsed = 00:00:42 . Memory (MB): peak = 1832.758 ; gain = 84.641

Phase 2.2 Fix Topology Constraints
Phase 2.2 Fix Topology Constraints | Checksum: 1a7716a81

Time (s): cpu = 00:00:48 ; elapsed = 00:00:42 . Memory (MB): peak = 1832.758 ; gain = 84.641

Phase 2.3 Pre Route Cleanup
Phase 2.3 Pre Route Cleanup | Checksum: 1a7716a81

Time (s): cpu = 00:00:48 ; elapsed = 00:00:42 . Memory (MB): peak = 1832.758 ; gain = 84.641
 Number of Nodes with overlaps = 0

Phase 2.4 Update Timing
Phase 2.4 Update Timing | Checksum: 1cbae9262

Time (s): cpu = 00:00:51 ; elapsed = 00:00:45 . Memory (MB): peak = 1917.141 ; gain = 169.023
INFO: [Route 35-416] Intermediate Timing Summary | WNS=1.100  | TNS=0.000  | WHS=-0.298 | THS=-508.836|

Phase 2 Router Initialization | Checksum: f28787d5

Time (s): cpu = 00:00:52 ; elapsed = 00:00:45 . Memory (MB): peak = 1917.141 ; gain = 169.023

Phase 3 Initial Routing
Phase 3 Initial Routing | Checksum: 10f8942be

Time (s): cpu = 00:00:56 ; elapsed = 00:00:47 . Memory (MB): peak = 1917.141 ; gain = 169.023

Phase 4 Rip-up And Reroute

Phase 4.1 Global Iteration 0
 Number of Nodes with overlaps = 2077
 Number of Nodes with overlaps = 101
 Number of Nodes with overlaps = 3
 Number of Nodes with overlaps = 0
INFO: [Route 35-416] Intermediate Timing Summary | WNS=0.368  | TNS=0.000  | WHS=N/A    | THS=N/A    |

Phase 4.1 Global Iteration 0 | Checksum: 22865357b

Time (s): cpu = 00:01:02 ; elapsed = 00:00:50 . Memory (MB): peak = 1917.141 ; gain = 169.023
Phase 4 Rip-up And Reroute | Checksum: 22865357b

Time (s): cpu = 00:01:02 ; elapsed = 00:00:50 . Memory (MB): peak = 1917.141 ; gain = 169.023

Phase 5 Delay and Skew Optimization

Phase 5.1 Delay CleanUp
Phase 5.1 Delay CleanUp | Checksum: 22865357b

Time (s): cpu = 00:01:02 ; elapsed = 00:00:50 . Memory (MB): peak = 1917.141 ; gain = 169.023

Phase 5.2 Clock Skew Optimization
Phase 5.2 Clock Skew Optimization | Checksum: 22865357b

Time (s): cpu = 00:01:02 ; elapsed = 00:00:50 . Memory (MB): peak = 1917.141 ; gain = 169.023
Phase 5 Delay and Skew Optimization | Checksum: 22865357b

Time (s): cpu = 00:01:02 ; elapsed = 00:00:50 . Memory (MB): peak = 1917.141 ; gain = 169.023

Phase 6 Post Hold Fix

Phase 6.1 Hold Fix Iter

Phase 6.1.1 Update Timing
Phase 6.1.1 Update Timing | Checksum: 1e58122f0

Time (s): cpu = 00:01:02 ; elapsed = 00:00:51 . Memory (MB): peak = 1917.141 ; gain = 169.023
INFO: [Route 35-416] Intermediate Timing Summary | WNS=0.441  | TNS=0.000  | WHS=0.054  | THS=0.000  |

Phase 6.1 Hold Fix Iter | Checksum: 1e58122f0

Time (s): cpu = 00:01:02 ; elapsed = 00:00:51 . Memory (MB): peak = 1917.141 ; gain = 169.023
Phase 6 Post Hold Fix | Checksum: 1e58122f0

Time (s): cpu = 00:01:02 ; elapsed = 00:00:51 . Memory (MB): peak = 1917.141 ; gain = 169.023

Phase 7 Route finalize

Router Utilization Summary
  Global Vertical Routing Utilization    = 0.992824 %
  Global Horizontal Routing Utilization  = 1.28798 %
  Routable Net Status*
  *Does not include unroutable nets such as driverless and loadless.
  Run report_route_status for detailed report.
  Number of Failed Nets               = 0
  Number of Unrouted Nets             = 0
  Number of Partially Routed Nets     = 0
  Number of Node Overlaps             = 0

Phase 7 Route finalize | Checksum: 1521a2c37

Time (s): cpu = 00:01:02 ; elapsed = 00:00:51 . Memory (MB): peak = 1917.141 ; gain = 169.023

Phase 8 Verifying routed nets

 Verification completed successfully
Phase 8 Verifying routed nets | Checksum: 1521a2c37

Time (s): cpu = 00:01:03 ; elapsed = 00:00:51 . Memory (MB): peak = 1917.141 ; gain = 169.023

Phase 9 Depositing Routes
Phase 9 Depositing Routes | Checksum: 171e67d81

Time (s): cpu = 00:01:03 ; elapsed = 00:00:51 . Memory (MB): peak = 1917.141 ; gain = 169.023

Phase 10 Post Router Timing
INFO: [Route 35-57] Estimated Timing Summary | WNS=0.441  | TNS=0.000  | WHS=0.054  | THS=0.000  |

INFO: [Route 35-327] The final timing numbers are based on the router estimated timing analysis. For a complete and accurate timing signoff, please run report_timing_summary.
Phase 10 Post Router Timing | Checksum: 171e67d81

Time (s): cpu = 00:01:03 ; elapsed = 00:00:51 . Memory (MB): peak = 1917.141 ; gain = 169.023
INFO: [Route 35-16] Router Completed Successfully

Time (s): cpu = 00:01:03 ; elapsed = 00:00:51 . Memory (MB): peak = 1917.141 ; gain = 169.023

Routing Is Done.
INFO: [Common 17-83] Releasing license: Implementation
87 Infos, 0 Warnings, 0 Critical Warnings and 0 Errors encountered.
route_design completed successfully
route_design: Time (s): cpu = 00:01:05 ; elapsed = 00:00:52 . Memory (MB): peak = 1917.141 ; gain = 169.023
Writing placer database...
Writing XDEF routing.
Writing XDEF routing logical nets.
Writing XDEF routing special nets.
Write XDEF Complete: Time (s): cpu = 00:00:02 ; elapsed = 00:00:00.763 . Memory (MB): peak = 1917.141 ; gain = 0.000
INFO: [Common 17-1381] The checkpoint 'D:/TH/2026au/FPGA/DPU_new/DPU_new.runs/impl_1/ps_dpu_wrapper_routed.dcp' has been generated.
INFO: [runtcl-4] Executing : report_drc -file ps_dpu_wrapper_drc_routed.rpt -pb ps_dpu_wrapper_drc_routed.pb -rpx ps_dpu_wrapper_drc_routed.rpx
Command: report_drc -file ps_dpu_wrapper_drc_routed.rpt -pb ps_dpu_wrapper_drc_routed.pb -rpx ps_dpu_wrapper_drc_routed.rpx
INFO: [IP_Flow 19-1839] IP Catalog is up to date.
INFO: [DRC 23-27] Running DRC with 2 threads
INFO: [Coretcl 2-168] The results of DRC are in file D:/TH/2026au/FPGA/DPU_new/DPU_new.runs/impl_1/ps_dpu_wrapper_drc_routed.rpt.
report_drc completed successfully
INFO: [runtcl-4] Executing : report_methodology -file ps_dpu_wrapper_methodology_drc_routed.rpt -pb ps_dpu_wrapper_methodology_drc_routed.pb -rpx ps_dpu_wrapper_methodology_drc_routed.rpx
Command: report_methodology -file ps_dpu_wrapper_methodology_drc_routed.rpt -pb ps_dpu_wrapper_methodology_drc_routed.pb -rpx ps_dpu_wrapper_methodology_drc_routed.rpx
INFO: [Timing 38-35] Done setting XDC timing constraints.
INFO: [Timing 38-35] Done setting XDC timing constraints.
INFO: [DRC 23-133] Running Methodology with 2 threads
INFO: [Coretcl 2-1520] The results of Report Methodology are in file D:/TH/2026au/FPGA/DPU_new/DPU_new.runs/impl_1/ps_dpu_wrapper_methodology_drc_routed.rpt.
report_methodology completed successfully
INFO: [runtcl-4] Executing : report_power -file ps_dpu_wrapper_power_routed.rpt -pb ps_dpu_wrapper_power_summary_routed.pb -rpx ps_dpu_wrapper_power_routed.rpx
Command: report_power -file ps_dpu_wrapper_power_routed.rpt -pb ps_dpu_wrapper_power_summary_routed.pb -rpx ps_dpu_wrapper_power_routed.rpx
INFO: [Timing 38-35] Done setting XDC timing constraints.
Running Vector-less Activity Propagation...

Finished Running Vector-less Activity Propagation
WARNING: [Power 33-332] Found switching activity that implies high-fanout reset nets being asserted for excessive periods of time which may result in inaccurate power analysis.
Resolution: To review and fix problems, please run Power Constraints Advisor in the GUI from Tools > Power Constraints Advisor or run report_power with the -advisory option to generate a text report.
99 Infos, 1 Warnings, 0 Critical Warnings and 0 Errors encountered.
report_power completed successfully
INFO: [runtcl-4] Executing : report_route_status -file ps_dpu_wrapper_route_status.rpt -pb ps_dpu_wrapper_route_status.pb
INFO: [runtcl-4] Executing : report_timing_summary -max_paths 10 -file ps_dpu_wrapper_timing_summary_routed.rpt -rpx ps_dpu_wrapper_timing_summary_routed.rpx -warn_on_violation 
INFO: [Timing 38-91] UpdateTimingParams: Speed grade: -2, Delay Type: min_max.
INFO: [Timing 38-191] Multithreading enabled for timing update using a maximum of 2 CPUs
INFO: [runtcl-4] Executing : report_incremental_reuse -file ps_dpu_wrapper_incremental_reuse_routed.rpt
INFO: [Vivado_Tcl 4-545] No incremental reuse to report, no incremental placement and routing data was found.
INFO: [runtcl-4] Executing : report_clock_utilization -file ps_dpu_wrapper_clock_utilization_routed.rpt
INFO: [Common 17-206] Exiting Vivado at Wed Jan 21 16:59:19 2026...

*** Running vivado
    with args -log ps_dpu_wrapper.vdi -applog -m64 -product Vivado -messageDb vivado.pb -mode batch -source ps_dpu_wrapper.tcl -notrace


****** Vivado v2017.4 (64-bit)
  **** SW Build 2086221 on Fri Dec 15 20:55:39 MST 2017
  **** IP Build 2085800 on Fri Dec 15 22:25:07 MST 2017
    ** Copyright 1986-2017 Xilinx, Inc. All Rights Reserved.

source ps_dpu_wrapper.tcl -notrace
Command: open_checkpoint ps_dpu_wrapper_routed.dcp

Starting open_checkpoint Task

Time (s): cpu = 00:00:00 ; elapsed = 00:00:00.012 . Memory (MB): peak = 232.723 ; gain = 0.000
INFO: [Netlist 29-17] Analyzing 1489 Unisim elements for replacement
INFO: [Netlist 29-28] Unisim Transformation completed in 0 CPU seconds
INFO: [Project 1-479] Netlist was created with Vivado 2017.4
INFO: [Device 21-403] Loading part xc7z035ffg676-2
INFO: [Project 1-570] Preparing netlist for logic optimization
Parsing XDC File [D:/TH/2026au/FPGA/DPU_new/DPU_new.runs/impl_1/.Xil/Vivado-35708-Thinkbook_16p/dcp1/ps_dpu_wrapper_board.xdc]
Finished Parsing XDC File [D:/TH/2026au/FPGA/DPU_new/DPU_new.runs/impl_1/.Xil/Vivado-35708-Thinkbook_16p/dcp1/ps_dpu_wrapper_board.xdc]
Parsing XDC File [D:/TH/2026au/FPGA/DPU_new/DPU_new.runs/impl_1/.Xil/Vivado-35708-Thinkbook_16p/dcp1/ps_dpu_wrapper_early.xdc]
Finished Parsing XDC File [D:/TH/2026au/FPGA/DPU_new/DPU_new.runs/impl_1/.Xil/Vivado-35708-Thinkbook_16p/dcp1/ps_dpu_wrapper_early.xdc]
Parsing XDC File [D:/TH/2026au/FPGA/DPU_new/DPU_new.runs/impl_1/.Xil/Vivado-35708-Thinkbook_16p/dcp1/ps_dpu_wrapper_late.xdc]
INFO: [Timing 38-35] Done setting XDC timing constraints. [C:/Xilinx/Vivado/2017.4/data/ip/xpm/xpm_cdc/tcl/xpm_cdc_async_rst.tcl:2]
all_registers: Time (s): cpu = 00:00:10 ; elapsed = 00:00:10 . Memory (MB): peak = 1345.762 ; gain = 585.672
Finished Parsing XDC File [D:/TH/2026au/FPGA/DPU_new/DPU_new.runs/impl_1/.Xil/Vivado-35708-Thinkbook_16p/dcp1/ps_dpu_wrapper_late.xdc]
Reading XDEF placement.
Reading placer database...
Reading XDEF routing.
Read XDEF File: Time (s): cpu = 00:00:01 ; elapsed = 00:00:01 . Memory (MB): peak = 1377.715 ; gain = 31.953
Restored from archive | CPU: 1.000000 secs | Memory: 0.000000 MB |
Finished XDEF File Restore: Time (s): cpu = 00:00:01 ; elapsed = 00:00:01 . Memory (MB): peak = 1377.715 ; gain = 31.953
INFO: [Project 1-111] Unisim Transformation Summary:
  A total of 12 instances were transformed.
  RAM32M => RAM32M (RAMD32, RAMD32, RAMD32, RAMD32, RAMD32, RAMD32, RAMS32, RAMS32): 12 instances

INFO: [Project 1-604] Checkpoint was created with Vivado v2017.4 (64-bit) build 2086221
open_checkpoint: Time (s): cpu = 00:00:19 ; elapsed = 00:00:21 . Memory (MB): peak = 1377.734 ; gain = 1151.629
Command: write_bitstream -force ps_dpu_wrapper.bit
Attempting to get a license for feature 'Implementation' and/or device 'xc7z035'
INFO: [Common 17-349] Got license for feature 'Implementation' and/or device 'xc7z035'
Running DRC as a precondition to command write_bitstream
INFO: [IP_Flow 19-234] Refreshing IP repositories
INFO: [IP_Flow 19-1704] No user IP repositories specified
INFO: [IP_Flow 19-2313] Loaded Vivado IP repository 'C:/Xilinx/Vivado/2017.4/data/ip'.
INFO: [DRC 23-27] Running DRC with 2 threads
WARNING: [DRC DPOP-1] PREG Output pipelining: DSP ps_dpu_i/top_wrapper_0/inst/u_dpu_top/u_agu/wgt_word_addr__0 output ps_dpu_i/top_wrapper_0/inst/u_dpu_top/u_agu/wgt_word_addr__0/P[47:0] is not pipelined (PREG=0). Pipelining the DSP48 output will improve performance and often saves power so it is suggested whenever possible to fully pipeline this function.  If this DSP48 function was inferred, it is suggested to describe an additional register stage after this function.  If the DSP48 was instantiated in the design, it is suggested to set the PREG attribute to 1.
WARNING: [DRC DPOP-2] MREG Output pipelining: DSP ps_dpu_i/top_wrapper_0/inst/u_dpu_top/u_agu/wgt_word_addr__0 multiplier stage ps_dpu_i/top_wrapper_0/inst/u_dpu_top/u_agu/wgt_word_addr__0/P[47:0] is not pipelined (MREG=0). Pipelining the multiplier function will improve performance and will save significant power so it is suggested whenever possible to fully pipeline this function.  If this multiplier was inferred, it is suggested to describe an additional register stage after this function.  If there is no registered adder/accumulator following the multiply function, two pipeline stages are suggested to allow both the MREG and PREG registers to be used.  If the DSP48 was instantiated in the design, it is suggested to set both the MREG and PREG attributes to 1 when performing multiply functions.
WARNING: [DRC RTSTAT-10] No routable loads: 15 net(s) have no routable loads. The problem bus(es) and/or net(s) are ps_dpu_i/ps7_0_axi_periph/m00_couplers/auto_ds/inst/gen_downsizer.gen_simple_downsizer.axi_downsizer_inst/USE_WRITE.write_addr_inst/cmd_queue/inst/fifo_gen_inst/inst_fifo_gen/gconvfifo.rf/grf.rf/gntv_or_sync_fifo.gl0.rd/gr1.gr1_int.rfwft/aempty_fwft_i, ps_dpu_i/ps7_0_axi_periph/m00_couplers/auto_ds/inst/gen_downsizer.gen_simple_downsizer.axi_downsizer_inst/USE_WRITE.write_addr_inst/USE_B_CHANNEL.cmd_b_queue/inst/fifo_gen_inst/inst_fifo_gen/gconvfifo.rf/grf.rf/gntv_or_sync_fifo.gl0.rd/gr1.gr1_int.rfwft/aempty_fwft_i, ps_dpu_i/ps7_0_axi_periph/m00_couplers/auto_ds/inst/gen_downsizer.gen_simple_downsizer.axi_downsizer_inst/USE_READ.read_addr_inst/cmd_queue/inst/fifo_gen_inst/inst_fifo_gen/gconvfifo.rf/grf.rf/gntv_or_sync_fifo.gl0.rd/gr1.gr1_int.rfwft/aempty_fwft_i, ps_dpu_i/ps7_0_axi_periph/m00_couplers/auto_ds/inst/gen_downsizer.gen_simple_downsizer.axi_downsizer_inst/USE_WRITE.write_addr_inst/cmd_queue/inst/fifo_gen_inst/inst_fifo_gen/gconvfifo.rf/grf.rf/gntv_or_sync_fifo.gl0.wr/gwss.wsts/ram_afull_fb, ps_dpu_i/ps7_0_axi_periph/m00_couplers/auto_ds/inst/gen_downsizer.gen_simple_downsizer.axi_downsizer_inst/USE_WRITE.write_addr_inst/USE_B_CHANNEL.cmd_b_queue/inst/fifo_gen_inst/inst_fifo_gen/gconvfifo.rf/grf.rf/gntv_or_sync_fifo.gl0.wr/gwss.wsts/ram_afull_fb, ps_dpu_i/ps7_0_axi_periph/m00_couplers/auto_ds/inst/gen_downsizer.gen_simple_downsizer.axi_downsizer_inst/USE_READ.read_addr_inst/cmd_queue/inst/fifo_gen_inst/inst_fifo_gen/gconvfifo.rf/grf.rf/gntv_or_sync_fifo.gl0.wr/gwss.wsts/ram_afull_fb, ps_dpu_i/ps7_0_axi_periph/m00_couplers/auto_ds/inst/gen_downsizer.gen_simple_downsizer.axi_downsizer_inst/USE_WRITE.write_addr_inst/cmd_queue/inst/fifo_gen_inst/inst_fifo_gen/gconvfifo.rf/grf.rf/gntv_or_sync_fifo.gl0.wr/gwss.wsts/ram_afull_i, ps_dpu_i/ps7_0_axi_periph/m00_couplers/auto_ds/inst/gen_downsizer.gen_simple_downsizer.axi_downsizer_inst/USE_WRITE.write_addr_inst/USE_B_CHANNEL.cmd_b_queue/inst/fifo_gen_inst/inst_fifo_gen/gconvfifo.rf/grf.rf/gntv_or_sync_fifo.gl0.wr/gwss.wsts/ram_afull_i, ps_dpu_i/ps7_0_axi_periph/m00_couplers/auto_ds/inst/gen_downsizer.gen_simple_downsizer.axi_downsizer_inst/USE_READ.read_addr_inst/cmd_queue/inst/fifo_gen_inst/inst_fifo_gen/gconvfifo.rf/grf.rf/gntv_or_sync_fifo.gl0.wr/gwss.wsts/ram_afull_i, ps_dpu_i/ps7_0_axi_periph/m00_couplers/auto_ds/inst/gen_downsizer.gen_simple_downsizer.axi_downsizer_inst/USE_WRITE.write_addr_inst/cmd_queue/inst/fifo_gen_inst/inst_fifo_gen/gconvfifo.rf/grf.rf/gntv_or_sync_fifo.gl0.rd/grss.rsts/ram_empty_i, ps_dpu_i/ps7_0_axi_periph/m00_couplers/auto_ds/inst/gen_downsizer.gen_simple_downsizer.axi_downsizer_inst/USE_WRITE.write_addr_inst/USE_B_CHANNEL.cmd_b_queue/inst/fifo_gen_inst/inst_fifo_gen/gconvfifo.rf/grf.rf/gntv_or_sync_fifo.gl0.rd/grss.rsts/ram_empty_i, ps_dpu_i/ps7_0_axi_periph/m00_couplers/auto_ds/inst/gen_downsizer.gen_simple_downsizer.axi_downsizer_inst/USE_READ.read_addr_inst/cmd_queue/inst/fifo_gen_inst/inst_fifo_gen/gconvfifo.rf/grf.rf/gntv_or_sync_fifo.gl0.rd/grss.rsts/ram_empty_i, ps_dpu_i/ps7_0_axi_periph/m00_couplers/auto_ds/inst/gen_downsizer.gen_simple_downsizer.axi_downsizer_inst/USE_WRITE.write_addr_inst/cmd_queue/inst/fifo_gen_inst/inst_fifo_gen/gconvfifo.rf/grf.rf/gntv_or_sync_fifo.gl0.rd/gr1.gr1_int.rfwft/user_valid, ps_dpu_i/ps7_0_axi_periph/m00_couplers/auto_ds/inst/gen_downsizer.gen_simple_downsizer.axi_downsizer_inst/USE_WRITE.write_addr_inst/USE_B_CHANNEL.cmd_b_queue/inst/fifo_gen_inst/inst_fifo_gen/gconvfifo.rf/grf.rf/gntv_or_sync_fifo.gl0.rd/gr1.gr1_int.rfwft/user_valid, and ps_dpu_i/ps7_0_axi_periph/m00_couplers/auto_ds/inst/gen_downsizer.gen_simple_downsizer.axi_downsizer_inst/USE_READ.read_addr_inst/cmd_queue/inst/fifo_gen_inst/inst_fifo_gen/gconvfifo.rf/grf.rf/gntv_or_sync_fifo.gl0.rd/gr1.gr1_int.rfwft/user_valid.
INFO: [Vivado 12-3199] DRC finished with 0 Errors, 3 Warnings
INFO: [Vivado 12-3200] Please refer to the DRC report (report_drc) for more information.
INFO: [Project 1-821] Please set project.enableDesignId to be 'true'.
INFO: [Designutils 20-2272] Running write_bitstream with 2 threads.
Loading data files...
Loading site data...
Loading route data...
Processing options...
Creating bitmap...
Creating bitstream...
Writing bitstream ./ps_dpu_wrapper.bit...
INFO: [Vivado 12-1842] Bitgen Completed Successfully.
INFO: [Project 1-118] WebTalk data collection is enabled (User setting is ON. Install Setting is ON.).
INFO: [Common 17-83] Releasing license: Implementation
20 Infos, 3 Warnings, 0 Critical Warnings and 0 Errors encountered.
write_bitstream completed successfully
write_bitstream: Time (s): cpu = 00:00:37 ; elapsed = 00:00:31 . Memory (MB): peak = 2032.102 ; gain = 654.367
INFO: [Common 17-206] Exiting Vivado at Wed Jan 21 17:04:54 2026...

*** Running vivado
    with args -log ps_dpu_wrapper.vdi -applog -m64 -product Vivado -messageDb vivado.pb -mode batch -source ps_dpu_wrapper.tcl -notrace


****** Vivado v2017.4 (64-bit)
  **** SW Build 2086221 on Fri Dec 15 20:55:39 MST 2017
  **** IP Build 2085800 on Fri Dec 15 22:25:07 MST 2017
    ** Copyright 1986-2017 Xilinx, Inc. All Rights Reserved.

source ps_dpu_wrapper.tcl -notrace
INFO: [IP_Flow 19-234] Refreshing IP repositories
INFO: [IP_Flow 19-1704] No user IP repositories specified
INFO: [IP_Flow 19-2313] Loaded Vivado IP repository 'C:/Xilinx/Vivado/2017.4/data/ip'.
Command: link_design -top ps_dpu_wrapper -part xc7z035ffg676-2
Design is defaulting to srcset: sources_1
Design is defaulting to constrset: constrs_1
INFO: [Project 1-454] Reading design checkpoint 'd:/TH/2026au/FPGA/DPU_new/DPU_new.srcs/sources_1/bd/ps_dpu/ip/ps_dpu_axi_bram_ctrl_0_1/ps_dpu_axi_bram_ctrl_0_1.dcp' for cell 'ps_dpu_i/axi_bram_ctrl_0'
INFO: [Project 1-454] Reading design checkpoint 'd:/TH/2026au/FPGA/DPU_new/DPU_new.srcs/sources_1/bd/ps_dpu/ip/ps_dpu_axi_bram_ctrl_1_1/ps_dpu_axi_bram_ctrl_1_1.dcp' for cell 'ps_dpu_i/axi_bram_ctrl_1'
INFO: [Project 1-454] Reading design checkpoint 'd:/TH/2026au/FPGA/DPU_new/DPU_new.srcs/sources_1/bd/ps_dpu/ip/ps_dpu_axi_gpio_0_2/ps_dpu_axi_gpio_0_2.dcp' for cell 'ps_dpu_i/axi_gpio_0'
INFO: [Project 1-454] Reading design checkpoint 'd:/TH/2026au/FPGA/DPU_new/DPU_new.srcs/sources_1/bd/ps_dpu/ip/ps_dpu_processing_system7_0_0/ps_dpu_processing_system7_0_0.dcp' for cell 'ps_dpu_i/processing_system7_0'
INFO: [Project 1-454] Reading design checkpoint 'd:/TH/2026au/FPGA/DPU_new/DPU_new.srcs/sources_1/bd/ps_dpu/ip/ps_dpu_rst_ps7_0_100M_0/ps_dpu_rst_ps7_0_100M_0.dcp' for cell 'ps_dpu_i/rst_ps7_0_100M'
INFO: [Project 1-454] Reading design checkpoint 'd:/TH/2026au/FPGA/DPU_new/DPU_new.srcs/sources_1/bd/ps_dpu/ip/ps_dpu_top_wrapper_0_0/ps_dpu_top_wrapper_0_0.dcp' for cell 'ps_dpu_i/top_wrapper_0'
INFO: [Project 1-454] Reading design checkpoint 'd:/TH/2026au/FPGA/DPU_new/DPU_new.srcs/sources_1/bd/ps_dpu/ip/ps_dpu_xbar_0/ps_dpu_xbar_0.dcp' for cell 'ps_dpu_i/ps7_0_axi_periph/xbar'
INFO: [Project 1-454] Reading design checkpoint 'd:/TH/2026au/FPGA/DPU_new/DPU_new.srcs/sources_1/bd/ps_dpu/ip/ps_dpu_auto_ds_0/ps_dpu_auto_ds_0.dcp' for cell 'ps_dpu_i/ps7_0_axi_periph/m00_couplers/auto_ds'
INFO: [Project 1-454] Reading design checkpoint 'd:/TH/2026au/FPGA/DPU_new/DPU_new.srcs/sources_1/bd/ps_dpu/ip/ps_dpu_auto_pc_0/ps_dpu_auto_pc_0.dcp' for cell 'ps_dpu_i/ps7_0_axi_periph/m00_couplers/auto_pc'
INFO: [Project 1-454] Reading design checkpoint 'd:/TH/2026au/FPGA/DPU_new/DPU_new.srcs/sources_1/bd/ps_dpu/ip/ps_dpu_auto_pc_1/ps_dpu_auto_pc_1.dcp' for cell 'ps_dpu_i/ps7_0_axi_periph/s00_couplers/auto_pc'
INFO: [Project 1-454] Reading design checkpoint 'd:/TH/2026au/FPGA/DPU_new/DPU_new.srcs/sources_1/bd/ps_dpu/ip/ps_dpu_auto_us_0/ps_dpu_auto_us_0.dcp' for cell 'ps_dpu_i/ps7_0_axi_periph/s00_couplers/auto_us'
INFO: [Netlist 29-17] Analyzing 1499 Unisim elements for replacement
INFO: [Netlist 29-28] Unisim Transformation completed in 0 CPU seconds
INFO: [Project 1-479] Netlist was created with Vivado 2017.4
INFO: [Device 21-403] Loading part xc7z035ffg676-2
INFO: [Project 1-570] Preparing netlist for logic optimization
Parsing XDC File [d:/TH/2026au/FPGA/DPU_new/DPU_new.srcs/sources_1/bd/ps_dpu/ip/ps_dpu_processing_system7_0_0/ps_dpu_processing_system7_0_0.xdc] for cell 'ps_dpu_i/processing_system7_0/inst'
Finished Parsing XDC File [d:/TH/2026au/FPGA/DPU_new/DPU_new.srcs/sources_1/bd/ps_dpu/ip/ps_dpu_processing_system7_0_0/ps_dpu_processing_system7_0_0.xdc] for cell 'ps_dpu_i/processing_system7_0/inst'
Parsing XDC File [d:/TH/2026au/FPGA/DPU_new/DPU_new.srcs/sources_1/bd/ps_dpu/ip/ps_dpu_rst_ps7_0_100M_0/ps_dpu_rst_ps7_0_100M_0_board.xdc] for cell 'ps_dpu_i/rst_ps7_0_100M/U0'
Finished Parsing XDC File [d:/TH/2026au/FPGA/DPU_new/DPU_new.srcs/sources_1/bd/ps_dpu/ip/ps_dpu_rst_ps7_0_100M_0/ps_dpu_rst_ps7_0_100M_0_board.xdc] for cell 'ps_dpu_i/rst_ps7_0_100M/U0'
Parsing XDC File [d:/TH/2026au/FPGA/DPU_new/DPU_new.srcs/sources_1/bd/ps_dpu/ip/ps_dpu_rst_ps7_0_100M_0/ps_dpu_rst_ps7_0_100M_0.xdc] for cell 'ps_dpu_i/rst_ps7_0_100M/U0'
Finished Parsing XDC File [d:/TH/2026au/FPGA/DPU_new/DPU_new.srcs/sources_1/bd/ps_dpu/ip/ps_dpu_rst_ps7_0_100M_0/ps_dpu_rst_ps7_0_100M_0.xdc] for cell 'ps_dpu_i/rst_ps7_0_100M/U0'
Parsing XDC File [d:/TH/2026au/FPGA/DPU_new/DPU_new.srcs/sources_1/bd/ps_dpu/ip/ps_dpu_axi_gpio_0_2/ps_dpu_axi_gpio_0_2_board.xdc] for cell 'ps_dpu_i/axi_gpio_0/U0'
Finished Parsing XDC File [d:/TH/2026au/FPGA/DPU_new/DPU_new.srcs/sources_1/bd/ps_dpu/ip/ps_dpu_axi_gpio_0_2/ps_dpu_axi_gpio_0_2_board.xdc] for cell 'ps_dpu_i/axi_gpio_0/U0'
Parsing XDC File [d:/TH/2026au/FPGA/DPU_new/DPU_new.srcs/sources_1/bd/ps_dpu/ip/ps_dpu_axi_gpio_0_2/ps_dpu_axi_gpio_0_2.xdc] for cell 'ps_dpu_i/axi_gpio_0/U0'
Finished Parsing XDC File [d:/TH/2026au/FPGA/DPU_new/DPU_new.srcs/sources_1/bd/ps_dpu/ip/ps_dpu_axi_gpio_0_2/ps_dpu_axi_gpio_0_2.xdc] for cell 'ps_dpu_i/axi_gpio_0/U0'
INFO: [Project 1-538] Using original IP XDC constraints instead of the XDC constraints in dcp 'd:/TH/2026au/FPGA/DPU_new/DPU_new.srcs/sources_1/bd/ps_dpu/ip/ps_dpu_auto_ds_0/ps_dpu_auto_ds_0.dcp'
Parsing XDC File [d:/TH/2026au/FPGA/DPU_new/DPU_new.srcs/sources_1/bd/ps_dpu/ip/ps_dpu_auto_ds_0/ps_dpu_auto_ds_0_clocks.xdc] for cell 'ps_dpu_i/ps7_0_axi_periph/m00_couplers/auto_ds/inst'
Finished Parsing XDC File [d:/TH/2026au/FPGA/DPU_new/DPU_new.srcs/sources_1/bd/ps_dpu/ip/ps_dpu_auto_ds_0/ps_dpu_auto_ds_0_clocks.xdc] for cell 'ps_dpu_i/ps7_0_axi_periph/m00_couplers/auto_ds/inst'
Parsing XDC File [d:/TH/2026au/FPGA/DPU_new/DPU_new.srcs/sources_1/bd/ps_dpu/ip/ps_dpu_auto_us_0/ps_dpu_auto_us_0_clocks.xdc] for cell 'ps_dpu_i/ps7_0_axi_periph/s00_couplers/auto_us/inst'
Finished Parsing XDC File [d:/TH/2026au/FPGA/DPU_new/DPU_new.srcs/sources_1/bd/ps_dpu/ip/ps_dpu_auto_us_0/ps_dpu_auto_us_0_clocks.xdc] for cell 'ps_dpu_i/ps7_0_axi_periph/s00_couplers/auto_us/inst'
Sourcing Tcl File [C:/Xilinx/Vivado/2017.4/data/ip/xpm/xpm_cdc/tcl/xpm_cdc_async_rst.tcl] for cell 'ps_dpu_i/ps7_0_axi_periph/m00_couplers/auto_ds/inst/gen_downsizer.gen_simple_downsizer.axi_downsizer_inst/USE_READ.read_addr_inst/cmd_queue/inst/fifo_gen_inst/inst_fifo_gen/gconvfifo.rf/grf.rf/rstblk/ngwrdrst.grst.g7serrst.gnsckt_wrst.rst_wr_reg2_inst'
INFO: [Timing 38-35] Done setting XDC timing constraints. [C:/Xilinx/Vivado/2017.4/data/ip/xpm/xpm_cdc/tcl/xpm_cdc_async_rst.tcl:2]
all_registers: Time (s): cpu = 00:00:05 ; elapsed = 00:00:05 . Memory (MB): peak = 1393.410 ; gain = 586.180
Finished Sourcing Tcl File [C:/Xilinx/Vivado/2017.4/data/ip/xpm/xpm_cdc/tcl/xpm_cdc_async_rst.tcl] for cell 'ps_dpu_i/ps7_0_axi_periph/m00_couplers/auto_ds/inst/gen_downsizer.gen_simple_downsizer.axi_downsizer_inst/USE_READ.read_addr_inst/cmd_queue/inst/fifo_gen_inst/inst_fifo_gen/gconvfifo.rf/grf.rf/rstblk/ngwrdrst.grst.g7serrst.gnsckt_wrst.rst_wr_reg2_inst'
Sourcing Tcl File [C:/Xilinx/Vivado/2017.4/data/ip/xpm/xpm_cdc/tcl/xpm_cdc_async_rst.tcl] for cell 'ps_dpu_i/ps7_0_axi_periph/m00_couplers/auto_ds/inst/gen_downsizer.gen_simple_downsizer.axi_downsizer_inst/USE_WRITE.write_addr_inst/USE_B_CHANNEL.cmd_b_queue/inst/fifo_gen_inst/inst_fifo_gen/gconvfifo.rf/grf.rf/rstblk/ngwrdrst.grst.g7serrst.gnsckt_wrst.rst_wr_reg2_inst'
Finished Sourcing Tcl File [C:/Xilinx/Vivado/2017.4/data/ip/xpm/xpm_cdc/tcl/xpm_cdc_async_rst.tcl] for cell 'ps_dpu_i/ps7_0_axi_periph/m00_couplers/auto_ds/inst/gen_downsizer.gen_simple_downsizer.axi_downsizer_inst/USE_WRITE.write_addr_inst/USE_B_CHANNEL.cmd_b_queue/inst/fifo_gen_inst/inst_fifo_gen/gconvfifo.rf/grf.rf/rstblk/ngwrdrst.grst.g7serrst.gnsckt_wrst.rst_wr_reg2_inst'
Sourcing Tcl File [C:/Xilinx/Vivado/2017.4/data/ip/xpm/xpm_cdc/tcl/xpm_cdc_async_rst.tcl] for cell 'ps_dpu_i/ps7_0_axi_periph/m00_couplers/auto_ds/inst/gen_downsizer.gen_simple_downsizer.axi_downsizer_inst/USE_WRITE.write_addr_inst/cmd_queue/inst/fifo_gen_inst/inst_fifo_gen/gconvfifo.rf/grf.rf/rstblk/ngwrdrst.grst.g7serrst.gnsckt_wrst.rst_wr_reg2_inst'
Finished Sourcing Tcl File [C:/Xilinx/Vivado/2017.4/data/ip/xpm/xpm_cdc/tcl/xpm_cdc_async_rst.tcl] for cell 'ps_dpu_i/ps7_0_axi_periph/m00_couplers/auto_ds/inst/gen_downsizer.gen_simple_downsizer.axi_downsizer_inst/USE_WRITE.write_addr_inst/cmd_queue/inst/fifo_gen_inst/inst_fifo_gen/gconvfifo.rf/grf.rf/rstblk/ngwrdrst.grst.g7serrst.gnsckt_wrst.rst_wr_reg2_inst'
INFO: [Opt 31-138] Pushed 0 inverter(s) to 0 load pin(s).
INFO: [Project 1-111] Unisim Transformation Summary:
  A total of 12 instances were transformed.
  RAM32M => RAM32M (RAMD32, RAMD32, RAMD32, RAMD32, RAMD32, RAMD32, RAMS32, RAMS32): 12 instances

23 Infos, 0 Warnings, 0 Critical Warnings and 0 Errors encountered.
link_design completed successfully
link_design: Time (s): cpu = 00:00:12 ; elapsed = 00:00:18 . Memory (MB): peak = 1393.484 ; gain = 1072.840
Command: opt_design
Attempting to get a license for feature 'Implementation' and/or device 'xc7z035'
INFO: [Common 17-349] Got license for feature 'Implementation' and/or device 'xc7z035'
Running DRC as a precondition to command opt_design

Starting DRC Task
INFO: [DRC 23-27] Running DRC with 2 threads
INFO: [Project 1-461] DRC finished with 0 Errors
INFO: [Project 1-462] Please refer to the DRC report (report_drc) for more information.

Time (s): cpu = 00:00:00 ; elapsed = 00:00:00.293 . Memory (MB): peak = 1393.484 ; gain = 0.000
INFO: [Timing 38-35] Done setting XDC timing constraints.

Starting Logic Optimization Task

Phase 1 Retarget
INFO: [Opt 31-138] Pushed 0 inverter(s) to 0 load pin(s).
INFO: [Opt 31-49] Retargeted 0 cell(s).
Phase 1 Retarget | Checksum: 1ae49f297

Time (s): cpu = 00:00:00 ; elapsed = 00:00:00.605 . Memory (MB): peak = 1408.750 ; gain = 0.000
INFO: [Opt 31-389] Phase Retarget created 18 cells and removed 56 cells

Phase 2 Constant propagation
INFO: [Opt 31-138] Pushed 2 inverter(s) to 6 load pin(s).
Phase 2 Constant propagation | Checksum: 112aee220

Time (s): cpu = 00:00:01 ; elapsed = 00:00:00.855 . Memory (MB): peak = 1408.750 ; gain = 0.000
INFO: [Opt 31-389] Phase Constant propagation created 189 cells and removed 405 cells

Phase 3 Sweep
Phase 3 Sweep | Checksum: 174afb22c

Time (s): cpu = 00:00:01 ; elapsed = 00:00:01 . Memory (MB): peak = 1408.750 ; gain = 0.000
INFO: [Opt 31-389] Phase Sweep created 0 cells and removed 634 cells

Phase 4 BUFG optimization
Phase 4 BUFG optimization | Checksum: 174afb22c

Time (s): cpu = 00:00:01 ; elapsed = 00:00:02 . Memory (MB): peak = 1408.750 ; gain = 0.000
INFO: [Opt 31-389] Phase BUFG optimization created 0 cells and removed 0 cells

Phase 5 Shift Register Optimization
Phase 5 Shift Register Optimization | Checksum: 174afb22c

Time (s): cpu = 00:00:02 ; elapsed = 00:00:02 . Memory (MB): peak = 1408.750 ; gain = 0.000
INFO: [Opt 31-389] Phase Shift Register Optimization created 0 cells and removed 0 cells

Starting Connectivity Check Task

Time (s): cpu = 00:00:00 ; elapsed = 00:00:00.021 . Memory (MB): peak = 1408.750 ; gain = 0.000
Ending Logic Optimization Task | Checksum: 167e0328e

Time (s): cpu = 00:00:02 ; elapsed = 00:00:02 . Memory (MB): peak = 1408.750 ; gain = 0.000

Starting Power Optimization Task
INFO: [Pwropt 34-132] Skipping clock gating for clocks with a period < 2.00 ns.
INFO: [Timing 38-35] Done setting XDC timing constraints.
INFO: [Physopt 32-619] Estimated Timing Summary | WNS=3.456 | TNS=0.000 |
INFO: [Pwropt 34-9] Applying IDT optimizations ...
INFO: [Pwropt 34-10] Applying ODC optimizations ...
Running Vector-less Activity Propagation...

Finished Running Vector-less Activity Propagation


Starting PowerOpt Patch Enables Task
INFO: [Pwropt 34-162] WRITE_MODE attribute of 0 BRAM(s) out of a total of 62 has been updated to save power. Run report_power_opt to get a complete listing of the BRAMs updated.
INFO: [Pwropt 34-201] Structural ODC has moved 30 WE to EN ports
Number of BRAM Ports augmented: 0 newly gated: 46 Total Ports: 124
Ending PowerOpt Patch Enables Task | Checksum: 1541b3365

Time (s): cpu = 00:00:00 ; elapsed = 00:00:00.149 . Memory (MB): peak = 1746.949 ; gain = 0.000
Ending Power Optimization Task | Checksum: 1541b3365

Time (s): cpu = 00:00:09 ; elapsed = 00:00:05 . Memory (MB): peak = 1746.949 ; gain = 338.199

Starting Logic Optimization Task
INFO: [Timing 38-35] Done setting XDC timing constraints.

Phase 1 Remap
Phase 1 Remap | Checksum: 1ba52f63d

Time (s): cpu = 00:00:01 ; elapsed = 00:00:00.661 . Memory (MB): peak = 1746.949 ; gain = 0.000
INFO: [Opt 31-389] Phase Remap created 16 cells and removed 32 cells
Ending Logic Optimization Task | Checksum: 1ba52f63d

Time (s): cpu = 00:00:01 ; elapsed = 00:00:00.685 . Memory (MB): peak = 1746.949 ; gain = 0.000
INFO: [Common 17-83] Releasing license: Implementation
46 Infos, 0 Warnings, 0 Critical Warnings and 0 Errors encountered.
opt_design completed successfully
opt_design: Time (s): cpu = 00:00:14 ; elapsed = 00:00:09 . Memory (MB): peak = 1746.949 ; gain = 353.465
Writing placer database...
Writing XDEF routing.
Writing XDEF routing logical nets.
Writing XDEF routing special nets.
Write XDEF Complete: Time (s): cpu = 00:00:00 ; elapsed = 00:00:00.029 . Memory (MB): peak = 1746.949 ; gain = 0.000
INFO: [Common 17-1381] The checkpoint 'D:/TH/2026au/FPGA/DPU_new/DPU_new.runs/impl_1/ps_dpu_wrapper_opt.dcp' has been generated.
INFO: [runtcl-4] Executing : report_drc -file ps_dpu_wrapper_drc_opted.rpt -pb ps_dpu_wrapper_drc_opted.pb -rpx ps_dpu_wrapper_drc_opted.rpx
Command: report_drc -file ps_dpu_wrapper_drc_opted.rpt -pb ps_dpu_wrapper_drc_opted.pb -rpx ps_dpu_wrapper_drc_opted.rpx
INFO: [IP_Flow 19-1839] IP Catalog is up to date.
INFO: [DRC 23-27] Running DRC with 2 threads
INFO: [Coretcl 2-168] The results of DRC are in file D:/TH/2026au/FPGA/DPU_new/DPU_new.runs/impl_1/ps_dpu_wrapper_drc_opted.rpt.
report_drc completed successfully
INFO: [Chipscope 16-241] No debug cores found in the current design.
Before running the implement_debug_core command, either use the Set Up Debug wizard (GUI mode)
or use the create_debug_core and connect_debug_core Tcl commands to insert debug cores into the design.
Command: place_design
Attempting to get a license for feature 'Implementation' and/or device 'xc7z035'
INFO: [Common 17-349] Got license for feature 'Implementation' and/or device 'xc7z035'
INFO: [DRC 23-27] Running DRC with 2 threads
INFO: [Vivado_Tcl 4-198] DRC finished with 0 Errors
INFO: [Vivado_Tcl 4-199] Please refer to the DRC report (report_drc) for more information.
Running DRC as a precondition to command place_design
INFO: [DRC 23-27] Running DRC with 2 threads
INFO: [Vivado_Tcl 4-198] DRC finished with 0 Errors
INFO: [Vivado_Tcl 4-199] Please refer to the DRC report (report_drc) for more information.

Starting Placer Task
INFO: [Place 30-611] Multithreading enabled for place_design using a maximum of 2 CPUs

Phase 1 Placer Initialization

Phase 1.1 Placer Initialization Netlist Sorting
Netlist sorting complete. Time (s): cpu = 00:00:00 ; elapsed = 00:00:00.013 . Memory (MB): peak = 1746.949 ; gain = 0.000
Phase 1.1 Placer Initialization Netlist Sorting | Checksum: 160f58955

Time (s): cpu = 00:00:00 ; elapsed = 00:00:00.017 . Memory (MB): peak = 1746.949 ; gain = 0.000
INFO: [Timing 38-35] Done setting XDC timing constraints.
INFO: [Opt 31-138] Pushed 0 inverter(s) to 0 load pin(s).
Netlist sorting complete. Time (s): cpu = 00:00:00 ; elapsed = 00:00:00.011 . Memory (MB): peak = 1746.949 ; gain = 0.000

Phase 1.2 IO Placement/ Clock Placement/ Build Placer Device
INFO: [Timing 38-35] Done setting XDC timing constraints.
Phase 1.2 IO Placement/ Clock Placement/ Build Placer Device | Checksum: 68539ef0

Time (s): cpu = 00:00:02 ; elapsed = 00:00:03 . Memory (MB): peak = 1746.949 ; gain = 0.000

Phase 1.3 Build Placer Netlist Model
Phase 1.3 Build Placer Netlist Model | Checksum: 14d97151d

Time (s): cpu = 00:00:04 ; elapsed = 00:00:04 . Memory (MB): peak = 1746.949 ; gain = 0.000

Phase 1.4 Constrain Clocks/Macros
Phase 1.4 Constrain Clocks/Macros | Checksum: 14d97151d

Time (s): cpu = 00:00:04 ; elapsed = 00:00:04 . Memory (MB): peak = 1746.949 ; gain = 0.000
Phase 1 Placer Initialization | Checksum: 14d97151d

Time (s): cpu = 00:00:04 ; elapsed = 00:00:04 . Memory (MB): peak = 1746.949 ; gain = 0.000

Phase 2 Global Placement
Phase 2 Global Placement | Checksum: 187526db6

Time (s): cpu = 00:00:13 ; elapsed = 00:00:10 . Memory (MB): peak = 1746.949 ; gain = 0.000

Phase 3 Detail Placement

Phase 3.1 Commit Multi Column Macros
Phase 3.1 Commit Multi Column Macros | Checksum: 187526db6

Time (s): cpu = 00:00:13 ; elapsed = 00:00:10 . Memory (MB): peak = 1746.949 ; gain = 0.000

Phase 3.2 Commit Most Macros & LUTRAMs
Phase 3.2 Commit Most Macros & LUTRAMs | Checksum: 19b639a37

Time (s): cpu = 00:00:15 ; elapsed = 00:00:11 . Memory (MB): peak = 1746.949 ; gain = 0.000

Phase 3.3 Area Swap Optimization
Phase 3.3 Area Swap Optimization | Checksum: 1f909dbfc

Time (s): cpu = 00:00:16 ; elapsed = 00:00:12 . Memory (MB): peak = 1746.949 ; gain = 0.000

Phase 3.4 Pipeline Register Optimization
Phase 3.4 Pipeline Register Optimization | Checksum: 191e29252

Time (s): cpu = 00:00:16 ; elapsed = 00:00:12 . Memory (MB): peak = 1746.949 ; gain = 0.000

Phase 3.5 Small Shape Detail Placement
Phase 3.5 Small Shape Detail Placement | Checksum: 208074ba3

Time (s): cpu = 00:00:18 ; elapsed = 00:00:14 . Memory (MB): peak = 1746.949 ; gain = 0.000

Phase 3.6 Re-assign LUT pins
Phase 3.6 Re-assign LUT pins | Checksum: 15e6d7578

Time (s): cpu = 00:00:18 ; elapsed = 00:00:14 . Memory (MB): peak = 1746.949 ; gain = 0.000

Phase 3.7 Pipeline Register Optimization
Phase 3.7 Pipeline Register Optimization | Checksum: 15e6d7578

Time (s): cpu = 00:00:18 ; elapsed = 00:00:14 . Memory (MB): peak = 1746.949 ; gain = 0.000
Phase 3 Detail Placement | Checksum: 15e6d7578

Time (s): cpu = 00:00:18 ; elapsed = 00:00:14 . Memory (MB): peak = 1746.949 ; gain = 0.000

Phase 4 Post Placement Optimization and Clean-Up

Phase 4.1 Post Commit Optimization
INFO: [Timing 38-35] Done setting XDC timing constraints.

Phase 4.1.1 Post Placement Optimization
Post Placement Optimization Initialization | Checksum: 102d9ff29

Phase 4.1.1.1 BUFG Insertion
INFO: [Physopt 32-721] Multithreading enabled for phys_opt_design using a maximum of 2 CPUs
INFO: [Place 46-33] Processed net ps_dpu_i/top_wrapper_0/inst/u_dpu_top/u_agu/gen_row[7].gen_col[7].psum_reg[7][7][0], BUFG insertion was skipped due to placement/routing conflicts.
INFO: [Place 46-33] Processed net ps_dpu_i/top_wrapper_0/inst/u_dpu_top/u_agu/valid_in, BUFG insertion was skipped due to placement/routing conflicts.
INFO: [Place 46-33] Processed net ps_dpu_i/top_wrapper_0/inst/u_dpu_top/RSTP, BUFG insertion was skipped due to placement/routing conflicts.
INFO: [Place 46-31] BUFG insertion identified 3 candidate nets, 0 success, 3 skipped for placement/routing, 0 skipped for timing, 0 skipped for netlist change reason.
Phase 4.1.1.1 BUFG Insertion | Checksum: 102d9ff29

Time (s): cpu = 00:00:21 ; elapsed = 00:00:16 . Memory (MB): peak = 1746.949 ; gain = 0.000
INFO: [Place 30-746] Post Placement Timing Summary WNS=1.250. For the most accurate timing information please run report_timing.
Phase 4.1.1 Post Placement Optimization | Checksum: 1325b700f

Time (s): cpu = 00:00:21 ; elapsed = 00:00:16 . Memory (MB): peak = 1746.949 ; gain = 0.000
Phase 4.1 Post Commit Optimization | Checksum: 1325b700f

Time (s): cpu = 00:00:21 ; elapsed = 00:00:16 . Memory (MB): peak = 1746.949 ; gain = 0.000

Phase 4.2 Post Placement Cleanup
Phase 4.2 Post Placement Cleanup | Checksum: 1325b700f

Time (s): cpu = 00:00:21 ; elapsed = 00:00:16 . Memory (MB): peak = 1746.949 ; gain = 0.000

Phase 4.3 Placer Reporting
Phase 4.3 Placer Reporting | Checksum: 1325b700f

Time (s): cpu = 00:00:21 ; elapsed = 00:00:16 . Memory (MB): peak = 1746.949 ; gain = 0.000

Phase 4.4 Final Placement Cleanup
Phase 4.4 Final Placement Cleanup | Checksum: e55a6a0b

Time (s): cpu = 00:00:21 ; elapsed = 00:00:16 . Memory (MB): peak = 1746.949 ; gain = 0.000
Phase 4 Post Placement Optimization and Clean-Up | Checksum: e55a6a0b

Time (s): cpu = 00:00:22 ; elapsed = 00:00:16 . Memory (MB): peak = 1746.949 ; gain = 0.000
Ending Placer Task | Checksum: 7c98bb03

Time (s): cpu = 00:00:22 ; elapsed = 00:00:16 . Memory (MB): peak = 1746.949 ; gain = 0.000
INFO: [Common 17-83] Releasing license: Implementation
71 Infos, 0 Warnings, 0 Critical Warnings and 0 Errors encountered.
place_design completed successfully
place_design: Time (s): cpu = 00:00:24 ; elapsed = 00:00:17 . Memory (MB): peak = 1746.949 ; gain = 0.000
Writing placer database...
Writing XDEF routing.
Writing XDEF routing logical nets.
Writing XDEF routing special nets.
Write XDEF Complete: Time (s): cpu = 00:00:01 ; elapsed = 00:00:00.583 . Memory (MB): peak = 1746.949 ; gain = 0.000
INFO: [Common 17-1381] The checkpoint 'D:/TH/2026au/FPGA/DPU_new/DPU_new.runs/impl_1/ps_dpu_wrapper_placed.dcp' has been generated.
INFO: [runtcl-4] Executing : report_io -file ps_dpu_wrapper_io_placed.rpt
report_io: Time (s): cpu = 00:00:00 ; elapsed = 00:00:00.038 . Memory (MB): peak = 1746.949 ; gain = 0.000
INFO: [runtcl-4] Executing : report_utilization -file ps_dpu_wrapper_utilization_placed.rpt -pb ps_dpu_wrapper_utilization_placed.pb
report_utilization: Time (s): cpu = 00:00:00 ; elapsed = 00:00:00.101 . Memory (MB): peak = 1746.949 ; gain = 0.000
INFO: [runtcl-4] Executing : report_control_sets -verbose -file ps_dpu_wrapper_control_sets_placed.rpt
report_control_sets: Time (s): cpu = 00:00:00 ; elapsed = 00:00:00.012 . Memory (MB): peak = 1746.949 ; gain = 0.000
Command: route_design
Attempting to get a license for feature 'Implementation' and/or device 'xc7z035'
INFO: [Common 17-349] Got license for feature 'Implementation' and/or device 'xc7z035'
Running DRC as a precondition to command route_design
INFO: [DRC 23-27] Running DRC with 2 threads
INFO: [Vivado_Tcl 4-198] DRC finished with 0 Errors
INFO: [Vivado_Tcl 4-199] Please refer to the DRC report (report_drc) for more information.


Starting Routing Task
INFO: [Route 35-254] Multithreading enabled for route_design using a maximum of 2 CPUs
Checksum: PlaceDB: 46963014 ConstDB: 0 ShapeSum: 36028aef RouteDB: 0

Phase 1 Build RT Design
Phase 1 Build RT Design | Checksum: aa1841ec

Time (s): cpu = 00:00:40 ; elapsed = 00:00:35 . Memory (MB): peak = 1833.559 ; gain = 86.609
Post Restoration Checksum: NetGraph: 6680f7b3 NumContArr: 43974a39 Constraints: 0 Timing: 0

Phase 2 Router Initialization

Phase 2.1 Create Timer
Phase 2.1 Create Timer | Checksum: aa1841ec

Time (s): cpu = 00:00:41 ; elapsed = 00:00:35 . Memory (MB): peak = 1833.559 ; gain = 86.609

Phase 2.2 Fix Topology Constraints
Phase 2.2 Fix Topology Constraints | Checksum: aa1841ec

Time (s): cpu = 00:00:41 ; elapsed = 00:00:35 . Memory (MB): peak = 1833.559 ; gain = 86.609

Phase 2.3 Pre Route Cleanup
Phase 2.3 Pre Route Cleanup | Checksum: aa1841ec

Time (s): cpu = 00:00:41 ; elapsed = 00:00:35 . Memory (MB): peak = 1833.559 ; gain = 86.609
 Number of Nodes with overlaps = 0

Phase 2.4 Update Timing
Phase 2.4 Update Timing | Checksum: 1b9b446f8

Time (s): cpu = 00:00:44 ; elapsed = 00:00:37 . Memory (MB): peak = 1915.961 ; gain = 169.012
INFO: [Route 35-416] Intermediate Timing Summary | WNS=1.459  | TNS=0.000  | WHS=-0.296 | THS=-504.288|

Phase 2 Router Initialization | Checksum: 11dc342d7

Time (s): cpu = 00:00:45 ; elapsed = 00:00:38 . Memory (MB): peak = 1915.961 ; gain = 169.012

Phase 3 Initial Routing
Phase 3 Initial Routing | Checksum: 27fc47589

Time (s): cpu = 00:00:50 ; elapsed = 00:00:41 . Memory (MB): peak = 1915.961 ; gain = 169.012

Phase 4 Rip-up And Reroute

Phase 4.1 Global Iteration 0
 Number of Nodes with overlaps = 2418
 Number of Nodes with overlaps = 148
 Number of Nodes with overlaps = 12
 Number of Nodes with overlaps = 0
INFO: [Route 35-416] Intermediate Timing Summary | WNS=1.131  | TNS=0.000  | WHS=N/A    | THS=N/A    |

Phase 4.1 Global Iteration 0 | Checksum: 190ec2a24

Time (s): cpu = 00:00:56 ; elapsed = 00:00:44 . Memory (MB): peak = 1915.961 ; gain = 169.012
Phase 4 Rip-up And Reroute | Checksum: 190ec2a24

Time (s): cpu = 00:00:56 ; elapsed = 00:00:44 . Memory (MB): peak = 1915.961 ; gain = 169.012

Phase 5 Delay and Skew Optimization

Phase 5.1 Delay CleanUp
Phase 5.1 Delay CleanUp | Checksum: 190ec2a24

Time (s): cpu = 00:00:56 ; elapsed = 00:00:44 . Memory (MB): peak = 1915.961 ; gain = 169.012

Phase 5.2 Clock Skew Optimization
Phase 5.2 Clock Skew Optimization | Checksum: 190ec2a24

Time (s): cpu = 00:00:56 ; elapsed = 00:00:44 . Memory (MB): peak = 1915.961 ; gain = 169.012
Phase 5 Delay and Skew Optimization | Checksum: 190ec2a24

Time (s): cpu = 00:00:56 ; elapsed = 00:00:44 . Memory (MB): peak = 1915.961 ; gain = 169.012

Phase 6 Post Hold Fix

Phase 6.1 Hold Fix Iter

Phase 6.1.1 Update Timing
Phase 6.1.1 Update Timing | Checksum: 2188018e9

Time (s): cpu = 00:00:57 ; elapsed = 00:00:45 . Memory (MB): peak = 1915.961 ; gain = 169.012
INFO: [Route 35-416] Intermediate Timing Summary | WNS=1.204  | TNS=0.000  | WHS=0.052  | THS=0.000  |

Phase 6.1 Hold Fix Iter | Checksum: 2188018e9

Time (s): cpu = 00:00:57 ; elapsed = 00:00:45 . Memory (MB): peak = 1915.961 ; gain = 169.012
Phase 6 Post Hold Fix | Checksum: 2188018e9

Time (s): cpu = 00:00:57 ; elapsed = 00:00:45 . Memory (MB): peak = 1915.961 ; gain = 169.012

Phase 7 Route finalize

Router Utilization Summary
  Global Vertical Routing Utilization    = 1.10052 %
  Global Horizontal Routing Utilization  = 1.22677 %
  Routable Net Status*
  *Does not include unroutable nets such as driverless and loadless.
  Run report_route_status for detailed report.
  Number of Failed Nets               = 0
  Number of Unrouted Nets             = 0
  Number of Partially Routed Nets     = 0
  Number of Node Overlaps             = 0

Phase 7 Route finalize | Checksum: 1b3e4515b

Time (s): cpu = 00:00:57 ; elapsed = 00:00:45 . Memory (MB): peak = 1915.961 ; gain = 169.012

Phase 8 Verifying routed nets

 Verification completed successfully
Phase 8 Verifying routed nets | Checksum: 1b3e4515b

Time (s): cpu = 00:00:57 ; elapsed = 00:00:45 . Memory (MB): peak = 1915.961 ; gain = 169.012

Phase 9 Depositing Routes
Phase 9 Depositing Routes | Checksum: 12e3be0ba

Time (s): cpu = 00:00:58 ; elapsed = 00:00:45 . Memory (MB): peak = 1915.961 ; gain = 169.012

Phase 10 Post Router Timing
INFO: [Route 35-57] Estimated Timing Summary | WNS=1.204  | TNS=0.000  | WHS=0.052  | THS=0.000  |

INFO: [Route 35-327] The final timing numbers are based on the router estimated timing analysis. For a complete and accurate timing signoff, please run report_timing_summary.
Phase 10 Post Router Timing | Checksum: 12e3be0ba

Time (s): cpu = 00:00:58 ; elapsed = 00:00:45 . Memory (MB): peak = 1915.961 ; gain = 169.012
INFO: [Route 35-16] Router Completed Successfully

Time (s): cpu = 00:00:58 ; elapsed = 00:00:45 . Memory (MB): peak = 1915.961 ; gain = 169.012

Routing Is Done.
INFO: [Common 17-83] Releasing license: Implementation
87 Infos, 0 Warnings, 0 Critical Warnings and 0 Errors encountered.
route_design completed successfully
route_design: Time (s): cpu = 00:01:00 ; elapsed = 00:00:46 . Memory (MB): peak = 1915.961 ; gain = 169.012
Writing placer database...
Writing XDEF routing.
Writing XDEF routing logical nets.
Writing XDEF routing special nets.
Write XDEF Complete: Time (s): cpu = 00:00:02 ; elapsed = 00:00:00.765 . Memory (MB): peak = 1915.961 ; gain = 0.000
INFO: [Common 17-1381] The checkpoint 'D:/TH/2026au/FPGA/DPU_new/DPU_new.runs/impl_1/ps_dpu_wrapper_routed.dcp' has been generated.
INFO: [runtcl-4] Executing : report_drc -file ps_dpu_wrapper_drc_routed.rpt -pb ps_dpu_wrapper_drc_routed.pb -rpx ps_dpu_wrapper_drc_routed.rpx
Command: report_drc -file ps_dpu_wrapper_drc_routed.rpt -pb ps_dpu_wrapper_drc_routed.pb -rpx ps_dpu_wrapper_drc_routed.rpx
INFO: [IP_Flow 19-1839] IP Catalog is up to date.
INFO: [DRC 23-27] Running DRC with 2 threads
INFO: [Coretcl 2-168] The results of DRC are in file D:/TH/2026au/FPGA/DPU_new/DPU_new.runs/impl_1/ps_dpu_wrapper_drc_routed.rpt.
report_drc completed successfully
INFO: [runtcl-4] Executing : report_methodology -file ps_dpu_wrapper_methodology_drc_routed.rpt -pb ps_dpu_wrapper_methodology_drc_routed.pb -rpx ps_dpu_wrapper_methodology_drc_routed.rpx
Command: report_methodology -file ps_dpu_wrapper_methodology_drc_routed.rpt -pb ps_dpu_wrapper_methodology_drc_routed.pb -rpx ps_dpu_wrapper_methodology_drc_routed.rpx
INFO: [Timing 38-35] Done setting XDC timing constraints.
INFO: [Timing 38-35] Done setting XDC timing constraints.
INFO: [DRC 23-133] Running Methodology with 2 threads
INFO: [Coretcl 2-1520] The results of Report Methodology are in file D:/TH/2026au/FPGA/DPU_new/DPU_new.runs/impl_1/ps_dpu_wrapper_methodology_drc_routed.rpt.
report_methodology completed successfully
INFO: [runtcl-4] Executing : report_power -file ps_dpu_wrapper_power_routed.rpt -pb ps_dpu_wrapper_power_summary_routed.pb -rpx ps_dpu_wrapper_power_routed.rpx
Command: report_power -file ps_dpu_wrapper_power_routed.rpt -pb ps_dpu_wrapper_power_summary_routed.pb -rpx ps_dpu_wrapper_power_routed.rpx
INFO: [Timing 38-35] Done setting XDC timing constraints.
Running Vector-less Activity Propagation...

Finished Running Vector-less Activity Propagation
WARNING: [Power 33-332] Found switching activity that implies high-fanout reset nets being asserted for excessive periods of time which may result in inaccurate power analysis.
Resolution: To review and fix problems, please run Power Constraints Advisor in the GUI from Tools > Power Constraints Advisor or run report_power with the -advisory option to generate a text report.
99 Infos, 1 Warnings, 0 Critical Warnings and 0 Errors encountered.
report_power completed successfully
INFO: [runtcl-4] Executing : report_route_status -file ps_dpu_wrapper_route_status.rpt -pb ps_dpu_wrapper_route_status.pb
INFO: [runtcl-4] Executing : report_timing_summary -max_paths 10 -file ps_dpu_wrapper_timing_summary_routed.rpt -rpx ps_dpu_wrapper_timing_summary_routed.rpx -warn_on_violation 
INFO: [Timing 38-91] UpdateTimingParams: Speed grade: -2, Delay Type: min_max.
INFO: [Timing 38-191] Multithreading enabled for timing update using a maximum of 2 CPUs
INFO: [runtcl-4] Executing : report_incremental_reuse -file ps_dpu_wrapper_incremental_reuse_routed.rpt
INFO: [Vivado_Tcl 4-545] No incremental reuse to report, no incremental placement and routing data was found.
INFO: [runtcl-4] Executing : report_clock_utilization -file ps_dpu_wrapper_clock_utilization_routed.rpt
Command: write_bitstream -force ps_dpu_wrapper.bit
Attempting to get a license for feature 'Implementation' and/or device 'xc7z035'
INFO: [Common 17-349] Got license for feature 'Implementation' and/or device 'xc7z035'
Running DRC as a precondition to command write_bitstream
INFO: [IP_Flow 19-1839] IP Catalog is up to date.
INFO: [DRC 23-27] Running DRC with 2 threads
WARNING: [DRC DPOP-1] PREG Output pipelining: DSP ps_dpu_i/top_wrapper_0/inst/u_dpu_top/u_agu/wgt_word_addr__0 output ps_dpu_i/top_wrapper_0/inst/u_dpu_top/u_agu/wgt_word_addr__0/P[47:0] is not pipelined (PREG=0). Pipelining the DSP48 output will improve performance and often saves power so it is suggested whenever possible to fully pipeline this function.  If this DSP48 function was inferred, it is suggested to describe an additional register stage after this function.  If the DSP48 was instantiated in the design, it is suggested to set the PREG attribute to 1.
WARNING: [DRC DPOP-2] MREG Output pipelining: DSP ps_dpu_i/top_wrapper_0/inst/u_dpu_top/u_agu/wgt_word_addr__0 multiplier stage ps_dpu_i/top_wrapper_0/inst/u_dpu_top/u_agu/wgt_word_addr__0/P[47:0] is not pipelined (MREG=0). Pipelining the multiplier function will improve performance and will save significant power so it is suggested whenever possible to fully pipeline this function.  If this multiplier was inferred, it is suggested to describe an additional register stage after this function.  If there is no registered adder/accumulator following the multiply function, two pipeline stages are suggested to allow both the MREG and PREG registers to be used.  If the DSP48 was instantiated in the design, it is suggested to set both the MREG and PREG attributes to 1 when performing multiply functions.
WARNING: [DRC RTSTAT-10] No routable loads: 15 net(s) have no routable loads. The problem bus(es) and/or net(s) are ps_dpu_i/ps7_0_axi_periph/m00_couplers/auto_ds/inst/gen_downsizer.gen_simple_downsizer.axi_downsizer_inst/USE_WRITE.write_addr_inst/cmd_queue/inst/fifo_gen_inst/inst_fifo_gen/gconvfifo.rf/grf.rf/gntv_or_sync_fifo.gl0.rd/gr1.gr1_int.rfwft/aempty_fwft_i, ps_dpu_i/ps7_0_axi_periph/m00_couplers/auto_ds/inst/gen_downsizer.gen_simple_downsizer.axi_downsizer_inst/USE_READ.read_addr_inst/cmd_queue/inst/fifo_gen_inst/inst_fifo_gen/gconvfifo.rf/grf.rf/gntv_or_sync_fifo.gl0.rd/gr1.gr1_int.rfwft/aempty_fwft_i, ps_dpu_i/ps7_0_axi_periph/m00_couplers/auto_ds/inst/gen_downsizer.gen_simple_downsizer.axi_downsizer_inst/USE_WRITE.write_addr_inst/USE_B_CHANNEL.cmd_b_queue/inst/fifo_gen_inst/inst_fifo_gen/gconvfifo.rf/grf.rf/gntv_or_sync_fifo.gl0.rd/gr1.gr1_int.rfwft/aempty_fwft_i, ps_dpu_i/ps7_0_axi_periph/m00_couplers/auto_ds/inst/gen_downsizer.gen_simple_downsizer.axi_downsizer_inst/USE_WRITE.write_addr_inst/cmd_queue/inst/fifo_gen_inst/inst_fifo_gen/gconvfifo.rf/grf.rf/gntv_or_sync_fifo.gl0.wr/gwss.wsts/ram_afull_fb, ps_dpu_i/ps7_0_axi_periph/m00_couplers/auto_ds/inst/gen_downsizer.gen_simple_downsizer.axi_downsizer_inst/USE_READ.read_addr_inst/cmd_queue/inst/fifo_gen_inst/inst_fifo_gen/gconvfifo.rf/grf.rf/gntv_or_sync_fifo.gl0.wr/gwss.wsts/ram_afull_fb, ps_dpu_i/ps7_0_axi_periph/m00_couplers/auto_ds/inst/gen_downsizer.gen_simple_downsizer.axi_downsizer_inst/USE_WRITE.write_addr_inst/USE_B_CHANNEL.cmd_b_queue/inst/fifo_gen_inst/inst_fifo_gen/gconvfifo.rf/grf.rf/gntv_or_sync_fifo.gl0.wr/gwss.wsts/ram_afull_fb, ps_dpu_i/ps7_0_axi_periph/m00_couplers/auto_ds/inst/gen_downsizer.gen_simple_downsizer.axi_downsizer_inst/USE_WRITE.write_addr_inst/cmd_queue/inst/fifo_gen_inst/inst_fifo_gen/gconvfifo.rf/grf.rf/gntv_or_sync_fifo.gl0.wr/gwss.wsts/ram_afull_i, ps_dpu_i/ps7_0_axi_periph/m00_couplers/auto_ds/inst/gen_downsizer.gen_simple_downsizer.axi_downsizer_inst/USE_READ.read_addr_inst/cmd_queue/inst/fifo_gen_inst/inst_fifo_gen/gconvfifo.rf/grf.rf/gntv_or_sync_fifo.gl0.wr/gwss.wsts/ram_afull_i, ps_dpu_i/ps7_0_axi_periph/m00_couplers/auto_ds/inst/gen_downsizer.gen_simple_downsizer.axi_downsizer_inst/USE_WRITE.write_addr_inst/USE_B_CHANNEL.cmd_b_queue/inst/fifo_gen_inst/inst_fifo_gen/gconvfifo.rf/grf.rf/gntv_or_sync_fifo.gl0.wr/gwss.wsts/ram_afull_i, ps_dpu_i/ps7_0_axi_periph/m00_couplers/auto_ds/inst/gen_downsizer.gen_simple_downsizer.axi_downsizer_inst/USE_WRITE.write_addr_inst/cmd_queue/inst/fifo_gen_inst/inst_fifo_gen/gconvfifo.rf/grf.rf/gntv_or_sync_fifo.gl0.rd/grss.rsts/ram_empty_i, ps_dpu_i/ps7_0_axi_periph/m00_couplers/auto_ds/inst/gen_downsizer.gen_simple_downsizer.axi_downsizer_inst/USE_READ.read_addr_inst/cmd_queue/inst/fifo_gen_inst/inst_fifo_gen/gconvfifo.rf/grf.rf/gntv_or_sync_fifo.gl0.rd/grss.rsts/ram_empty_i, ps_dpu_i/ps7_0_axi_periph/m00_couplers/auto_ds/inst/gen_downsizer.gen_simple_downsizer.axi_downsizer_inst/USE_WRITE.write_addr_inst/USE_B_CHANNEL.cmd_b_queue/inst/fifo_gen_inst/inst_fifo_gen/gconvfifo.rf/grf.rf/gntv_or_sync_fifo.gl0.rd/grss.rsts/ram_empty_i, ps_dpu_i/ps7_0_axi_periph/m00_couplers/auto_ds/inst/gen_downsizer.gen_simple_downsizer.axi_downsizer_inst/USE_WRITE.write_addr_inst/cmd_queue/inst/fifo_gen_inst/inst_fifo_gen/gconvfifo.rf/grf.rf/gntv_or_sync_fifo.gl0.rd/gr1.gr1_int.rfwft/user_valid, ps_dpu_i/ps7_0_axi_periph/m00_couplers/auto_ds/inst/gen_downsizer.gen_simple_downsizer.axi_downsizer_inst/USE_READ.read_addr_inst/cmd_queue/inst/fifo_gen_inst/inst_fifo_gen/gconvfifo.rf/grf.rf/gntv_or_sync_fifo.gl0.rd/gr1.gr1_int.rfwft/user_valid, and ps_dpu_i/ps7_0_axi_periph/m00_couplers/auto_ds/inst/gen_downsizer.gen_simple_downsizer.axi_downsizer_inst/USE_WRITE.write_addr_inst/USE_B_CHANNEL.cmd_b_queue/inst/fifo_gen_inst/inst_fifo_gen/gconvfifo.rf/grf.rf/gntv_or_sync_fifo.gl0.rd/gr1.gr1_int.rfwft/user_valid.
INFO: [Vivado 12-3199] DRC finished with 0 Errors, 3 Warnings
INFO: [Vivado 12-3200] Please refer to the DRC report (report_drc) for more information.
INFO: [Project 1-821] Please set project.enableDesignId to be 'true'.
INFO: [Designutils 20-2272] Running write_bitstream with 2 threads.
Loading data files...
Loading site data...
Loading route data...
Processing options...
Creating bitmap...
Creating bitstream...
Writing bitstream ./ps_dpu_wrapper.bit...
INFO: [Vivado 12-1842] Bitgen Completed Successfully.
INFO: [Project 1-118] WebTalk data collection is enabled (User setting is ON. Install Setting is ON.).
INFO: [Common 17-83] Releasing license: Implementation
116 Infos, 4 Warnings, 0 Critical Warnings and 0 Errors encountered.
write_bitstream completed successfully
write_bitstream: Time (s): cpu = 00:00:32 ; elapsed = 00:00:28 . Memory (MB): peak = 2534.898 ; gain = 586.738
INFO: [Common 17-206] Exiting Vivado at Wed Jan 21 20:28:23 2026...
